Archive member included to satisfy reference by file (symbol)

c:/ac6/systemworkbench/plugins/fr.ac6.mcu.externaltools.arm-none.win32_1.17.0.201812190825/tools/compiler/bin/../lib/gcc/arm-none-eabi/7.3.1/thumb/v7e-m/fpv4-sp/hard\libgcc.a(_arm_addsubdf3.o)
                              Core/Src/VL53L0X.o (__aeabi_f2d)
c:/ac6/systemworkbench/plugins/fr.ac6.mcu.externaltools.arm-none.win32_1.17.0.201812190825/tools/compiler/bin/../lib/gcc/arm-none-eabi/7.3.1/thumb/v7e-m/fpv4-sp/hard\libgcc.a(_arm_cmpdf2.o)
                              Core/Src/VL53L0X.o (__aeabi_dcmpgt)
c:/ac6/systemworkbench/plugins/fr.ac6.mcu.externaltools.arm-none.win32_1.17.0.201812190825/tools/compiler/bin/../lib/gcc/arm-none-eabi/7.3.1/thumb/v7e-m/fpv4-sp/hard\libgcc.a(_aeabi_uldivmod.o)
                              Drivers/STM32F4xx_HAL_Driver/Src/stm32f4xx_hal_rcc.o (__aeabi_uldivmod)
c:/ac6/systemworkbench/plugins/fr.ac6.mcu.externaltools.arm-none.win32_1.17.0.201812190825/tools/compiler/bin/../lib/gcc/arm-none-eabi/7.3.1/thumb/v7e-m/fpv4-sp/hard\libgcc.a(_udivmoddi4.o)
                              c:/ac6/systemworkbench/plugins/fr.ac6.mcu.externaltools.arm-none.win32_1.17.0.201812190825/tools/compiler/bin/../lib/gcc/arm-none-eabi/7.3.1/thumb/v7e-m/fpv4-sp/hard\libgcc.a(_aeabi_uldivmod.o) (__udivmoddi4)
c:/ac6/systemworkbench/plugins/fr.ac6.mcu.externaltools.arm-none.win32_1.17.0.201812190825/tools/compiler/bin/../lib/gcc/arm-none-eabi/7.3.1/thumb/v7e-m/fpv4-sp/hard\libgcc.a(_dvmd_tls.o)
                              c:/ac6/systemworkbench/plugins/fr.ac6.mcu.externaltools.arm-none.win32_1.17.0.201812190825/tools/compiler/bin/../lib/gcc/arm-none-eabi/7.3.1/thumb/v7e-m/fpv4-sp/hard\libgcc.a(_aeabi_uldivmod.o) (__aeabi_ldiv0)
c:/ac6/systemworkbench/plugins/fr.ac6.mcu.externaltools.arm-none.win32_1.17.0.201812190825/tools/compiler/bin/../lib/gcc/arm-none-eabi/7.3.1/../../../../arm-none-eabi/lib/thumb/v7e-m/fpv4-sp/hard\libc_nano.a(lib_a-errno.o)
                              Core/Src/syscalls.o (__errno)
c:/ac6/systemworkbench/plugins/fr.ac6.mcu.externaltools.arm-none.win32_1.17.0.201812190825/tools/compiler/bin/../lib/gcc/arm-none-eabi/7.3.1/../../../../arm-none-eabi/lib/thumb/v7e-m/fpv4-sp/hard\libc_nano.a(lib_a-exit.o)
                              c:/ac6/systemworkbench/plugins/fr.ac6.mcu.externaltools.arm-none.win32_1.17.0.201812190825/tools/compiler/bin/../lib/gcc/arm-none-eabi/7.3.1/../../../../arm-none-eabi/lib/thumb/v7e-m/fpv4-sp/hard/crt0.o (exit)
c:/ac6/systemworkbench/plugins/fr.ac6.mcu.externaltools.arm-none.win32_1.17.0.201812190825/tools/compiler/bin/../lib/gcc/arm-none-eabi/7.3.1/../../../../arm-none-eabi/lib/thumb/v7e-m/fpv4-sp/hard\libc_nano.a(lib_a-impure.o)
                              c:/ac6/systemworkbench/plugins/fr.ac6.mcu.externaltools.arm-none.win32_1.17.0.201812190825/tools/compiler/bin/../lib/gcc/arm-none-eabi/7.3.1/../../../../arm-none-eabi/lib/thumb/v7e-m/fpv4-sp/hard\libc_nano.a(lib_a-exit.o) (_global_impure_ptr)
c:/ac6/systemworkbench/plugins/fr.ac6.mcu.externaltools.arm-none.win32_1.17.0.201812190825/tools/compiler/bin/../lib/gcc/arm-none-eabi/7.3.1/../../../../arm-none-eabi/lib/thumb/v7e-m/fpv4-sp/hard\libc_nano.a(lib_a-init.o)
                              c:/ac6/systemworkbench/plugins/fr.ac6.mcu.externaltools.arm-none.win32_1.17.0.201812190825/tools/compiler/bin/../lib/gcc/arm-none-eabi/7.3.1/../../../../arm-none-eabi/lib/thumb/v7e-m/fpv4-sp/hard/crt0.o (__libc_init_array)
c:/ac6/systemworkbench/plugins/fr.ac6.mcu.externaltools.arm-none.win32_1.17.0.201812190825/tools/compiler/bin/../lib/gcc/arm-none-eabi/7.3.1/../../../../arm-none-eabi/lib/thumb/v7e-m/fpv4-sp/hard\libc_nano.a(lib_a-malloc.o)
                              Middlewares/ST/STM32_USB_Host_Library/Class/CDC/Src/usbh_cdc.o (malloc)
c:/ac6/systemworkbench/plugins/fr.ac6.mcu.externaltools.arm-none.win32_1.17.0.201812190825/tools/compiler/bin/../lib/gcc/arm-none-eabi/7.3.1/../../../../arm-none-eabi/lib/thumb/v7e-m/fpv4-sp/hard\libc_nano.a(lib_a-memset.o)
                              c:/ac6/systemworkbench/plugins/fr.ac6.mcu.externaltools.arm-none.win32_1.17.0.201812190825/tools/compiler/bin/../lib/gcc/arm-none-eabi/7.3.1/../../../../arm-none-eabi/lib/thumb/v7e-m/fpv4-sp/hard/crt0.o (memset)
c:/ac6/systemworkbench/plugins/fr.ac6.mcu.externaltools.arm-none.win32_1.17.0.201812190825/tools/compiler/bin/../lib/gcc/arm-none-eabi/7.3.1/../../../../arm-none-eabi/lib/thumb/v7e-m/fpv4-sp/hard\libc_nano.a(lib_a-nano-freer.o)
                              c:/ac6/systemworkbench/plugins/fr.ac6.mcu.externaltools.arm-none.win32_1.17.0.201812190825/tools/compiler/bin/../lib/gcc/arm-none-eabi/7.3.1/../../../../arm-none-eabi/lib/thumb/v7e-m/fpv4-sp/hard\libc_nano.a(lib_a-malloc.o) (_free_r)
c:/ac6/systemworkbench/plugins/fr.ac6.mcu.externaltools.arm-none.win32_1.17.0.201812190825/tools/compiler/bin/../lib/gcc/arm-none-eabi/7.3.1/../../../../arm-none-eabi/lib/thumb/v7e-m/fpv4-sp/hard\libc_nano.a(lib_a-nano-mallocr.o)
[...]
Memory Configuration

Name             Origin             Length             Attributes
RAM              0x20000000         0x00020000         xrw
CCMRAM           0x10000000         0x00010000         xrw
FLASH            0x08000000         0x00100000         xr
*default*        0x00000000         0xffffffff

Linker script and memory map

LOAD c:/ac6/systemworkbench/plugins/fr.ac6.mcu.externaltools.arm-none.win32_1.17.0.201812190825/tools/compiler/bin/../lib/gcc/arm-none-eabi/7.3.1/thumb/v7e-m/fpv4-sp/hard/crti.o
LOAD c:/ac6/systemworkbench/plugins/fr.ac6.mcu.externaltools.arm-none.win32_1.17.0.201812190825/tools/compiler/bin/../lib/gcc/arm-none-eabi/7.3.1/thumb/v7e-m/fpv4-sp/hard/crtbegin.o
LOAD c:/ac6/systemworkbench/plugins/fr.ac6.mcu.externaltools.arm-none.win32_1.17.0.201812190825/tools/compiler/bin/../lib/gcc/arm-none-eabi/7.3.1/../../../../arm-none-eabi/lib/thumb/v7e-m/fpv4-sp/hard/crt0.o
LOAD Core/Src/VL53L0X.o
LOAD Core/Src/i2c.o
LOAD Core/Src/main.o
LOAD Core/Src/stm32f4xx_hal_msp.o
LOAD Core/Src/stm32f4xx_it.o
LOAD Core/Src/syscalls.o
LOAD Core/Src/system_stm32f4xx.o
LOAD Drivers/STM32F4xx_HAL_Driver/Src/stm32f4xx_hal.o
LOAD Drivers/STM32F4xx_HAL_Driver/Src/stm32f4xx_hal_cortex.o
LOAD Drivers/STM32F4xx_HAL_Driver/Src/stm32f4xx_hal_dma.o
LOAD Drivers/STM32F4xx_HAL_Driver/Src/stm32f4xx_hal_dma_ex.o
LOAD Drivers/STM32F4xx_HAL_Driver/Src/stm32f4xx_hal_exti.o
LOAD Drivers/STM32F4xx_HAL_Driver/Src/stm32f4xx_hal_flash.o
LOAD Drivers/STM32F4xx_HAL_Driver/Src/stm32f4xx_hal_flash_ex.o
LOAD Drivers/STM32F4xx_HAL_Driver/Src/stm32f4xx_hal_flash_ramfunc.o
LOAD Drivers/STM32F4xx_HAL_Driver/Src/stm32f4xx_hal_gpio.o
LOAD Drivers/STM32F4xx_HAL_Driver/Src/stm32f4xx_hal_hcd.o
LOAD Drivers/STM32F4xx_HAL_Driver/Src/stm32f4xx_hal_i2c.o
LOAD Drivers/STM32F4xx_HAL_Driver/Src/stm32f4xx_hal_i2c_ex.o
LOAD Drivers/STM32F4xx_HAL_Driver/Src/stm32f4xx_hal_i2s.o
LOAD Drivers/STM32F4xx_HAL_Driver/Src/stm32f4xx_hal_i2s_ex.o
LOAD Drivers/STM32F4xx_HAL_Driver/Src/stm32f4xx_hal_pwr.o
LOAD Drivers/STM32F4xx_HAL_Driver/Src/stm32f4xx_hal_pwr_ex.o
LOAD Drivers/STM32F4xx_HAL_Driver/Src/stm32f4xx_hal_rcc.o
LOAD Drivers/STM32F4xx_HAL_Driver/Src/stm32f4xx_hal_rcc_ex.o
LOAD Drivers/STM32F4xx_HAL_Driver/Src/stm32f4xx_hal_spi.o
LOAD Drivers/STM32F4xx_HAL_Driver/Src/stm32f4xx_hal_tim.o
LOAD Drivers/STM32F4xx_HAL_Driver/Src/stm32f4xx_hal_tim_ex.o
LOAD Drivers/STM32F4xx_HAL_Driver/Src/stm32f4xx_ll_usb.o
LOAD Middlewares/ST/STM32_USB_Host_Library/Class/CDC/Src/usbh_cdc.o
LOAD Middlewares/ST/STM32_USB_Host_Library/Core/Src/usbh_core.o
LOAD Middlewares/ST/STM32_USB_Host_Library/Core/Src/usbh_ctlreq.o
LOAD Middlewares/ST/STM32_USB_Host_Library/Core/Src/usbh_ioreq.o
LOAD Middlewares/ST/STM32_USB_Host_Library/Core/Src/usbh_pipes.o
LOAD USB_HOST/App/usb_host.o
LOAD USB_HOST/Target/usbh_conf.o
LOAD USB_HOST/Target/usbh_platform.o
LOAD startup/startup_stm32f407xx.o
LOAD c:/ac6/systemworkbench/plugins/fr.ac6.mcu.externaltools.arm-none.win32_1.17.0.201812190825/tools/compiler/bin/../lib/gcc/arm-none-eabi/7.3.1/../../../../arm-none-eabi/lib/thumb/v7e-m/fpv4-sp/hard\libm.a
START GROUP
LOAD c:/ac6/systemworkbench/plugins/fr.ac6.mcu.externaltools.arm-none.win32_1.17.0.201812190825/tools/compiler/bin/../lib/gcc/arm-none-eabi/7.3.1/thumb/v7e-m/fpv4-sp/hard\libgcc.a
LOAD c:/ac6/systemworkbench/plugins/fr.ac6.mcu.externaltools.arm-none.win32_1.17.0.201812190825/tools/compiler/bin/../lib/gcc/arm-none-eabi/7.3.1/../../../../arm-none-eabi/lib/thumb/v7e-m/fpv4-sp/hard\libc_nano.a
END GROUP
START GROUP
LOAD c:/ac6/systemworkbench/plugins/fr.ac6.mcu.externaltools.arm-none.win32_1.17.0.201812190825/tools/compiler/bin/../lib/gcc/arm-none-eabi/7.3.1/thumb/v7e-m/fpv4-sp/hard\libgcc.a
LOAD c:/ac6/systemworkbench/plugins/fr.ac6.mcu.externaltools.arm-none.win32_1.17.0.201812190825/tools/compiler/bin/../lib/gcc/arm-none-eabi/7.3.1/../../../../arm-none-eabi/lib/thumb/v7e-m/fpv4-sp/hard\libc_nano.a
LOAD c:/ac6/systemworkbench/plugins/fr.ac6.mcu.externaltools.arm-none.win32_1.17.0.201812190825/tools/compiler/bin/../lib/gcc/arm-none-eabi/7.3.1/../../../../arm-none-eabi/lib/thumb/v7e-m/fpv4-sp/hard\libnosys.a
END GROUP
START GROUP
LOAD c:/ac6/systemworkbench/plugins/fr.ac6.mcu.externaltools.arm-none.win32_1.17.0.201812190825/tools/compiler/bin/../lib/gcc/arm-none-eabi/7.3.1/thumb/v7e-m/fpv4-sp/hard\libgcc.a
LOAD c:/ac6/systemworkbench/plugins/fr.ac6.mcu.externaltools.arm-none.win32_1.17.0.201812190825/tools/compiler/bin/../lib/gcc/arm-none-eabi/7.3.1/../../../../arm-none-eabi/lib/thumb/v7e-m/fpv4-sp/hard\libc_nano.a
LOAD c:/ac6/systemworkbench/plugins/fr.ac6.mcu.externaltools.arm-none.win32_1.17.0.201812190825/tools/compiler/bin/../lib/gcc/arm-none-eabi/7.3.1/../../../../arm-none-eabi/lib/thumb/v7e-m/fpv4-sp/hard\libnosys.a
END GROUP
LOAD c:/ac6/systemworkbench/plugins/fr.ac6.mcu.externaltools.arm-none.win32_1.17.0.201812190825/tools/compiler/bin/../lib/gcc/arm-none-eabi/7.3.1/thumb/v7e-m/fpv4-sp/hard/crtend.o
LOAD c:/ac6/systemworkbench/plugins/fr.ac6.mcu.externaltools.arm-none.win32_1.17.0.201812190825/tools/compiler/bin/../lib/gcc/arm-none-eabi/7.3.1/thumb/v7e-m/fpv4-sp/hard/crtn.o
                0x20020000                _estack = 0x20020000
                0x00000200                _Min_Heap_Size = 0x200
                0x00000400                _Min_Stack_Size = 0x400

.isr_vector     0x08000000      0x188
                0x08000000                . = ALIGN (0x4)
 *(.isr_vector)
 .isr_vector    0x08000000      0x188 startup/startup_stm32f407xx.o
                0x08000000                g_pfnVectors
                0x08000188                . = ALIGN (0x4)

.text           0x08000188     0x6144
                0x08000188                . = ALIGN (0x4)
 *(.text)
 .text          0x08000188       0x40 c:/ac6/systemworkbench/plugins/fr.ac6.mcu.externaltools.arm-none.win32_1.17.0.201812190825/tools/compiler/bin/../lib/gcc/arm-none-eabi/7.3.1/thumb/v7e-m/fpv4-sp/hard/crtbegin.o
 .text          0x080001c8      0x378 c:/ac6/systemworkbench/plugins/fr.ac6.mcu.externaltools.arm-none.win32_1.17.0.201812190825/tools/compiler/bin/../lib/gcc/arm-none-eabi/7.3.1/thumb/v7e-m/fpv4-sp/hard\libgcc.a(_arm_addsubdf3.o)
                0x080001c8                __aeabi_drsub
                0x080001d0                __aeabi_dsub
                0x080001d0                __subdf3
                0x080001d4                __aeabi_dadd
                0x080001d4                __adddf3
                0x0800044c                __floatunsidf
                0x0800044c                __aeabi_ui2d
                0x0800046c                __floatsidf
                0x0800046c                __aeabi_i2d
                0x08000490                __aeabi_f2d
                0x08000490                __extendsfdf2
                0x080004d4                __floatundidf
                0x080004d4                __aeabi_ul2d
                0x080004e4                __floatdidf
                0x080004e4                __aeabi_l2d
 .text          0x08000540      0x110 c:/ac6/systemworkbench/plugins/fr.ac6.mcu.externaltools.arm-none.win32_1.17.0.201812190825/tools/compiler/bin/../lib/gcc/arm-none-eabi/7.3.1/thumb/v7e-m/fpv4-sp/hard\libgcc.a(_arm_cmpdf2.o)
                0x08000540                __gtdf2
                0x08000540                __gedf2
                0x08000548                __ltdf2
                0x08000548                __ledf2
                0x08000550                __nedf2
                0x08000550                __eqdf2
                0x08000550                __cmpdf2
                0x080005cc                __aeabi_cdrcmple
                0x080005dc                __aeabi_cdcmpeq
                0x080005dc                __aeabi_cdcmple
                0x080005ec                __aeabi_dcmpeq
                0x08000600                __aeabi_dcmplt
                0x08000614                __aeabi_dcmple
                0x08000628                __aeabi_dcmpge
                0x0800063c                __aeabi_dcmpgt
 .text          0x08000650       0x30 c:/ac6/systemworkbench/plugins/fr.ac6.mcu.externaltools.arm-none.win32_1.17.0.201812190825/tools/compiler/bin/../lib/gcc/arm-none-eabi/7.3.1/thumb/v7e-m/fpv4-sp/hard\libgcc.a(_aeabi_uldivmod.o)
                0x08000650                __aeabi_uldivmod
 .text          0x08000680      0x2cc c:/ac6/systemworkbench/plugins/fr.ac6.mcu.externaltools.arm-none.win32_1.17.0.201812190825/tools/compiler/bin/../lib/gcc/arm-none-eabi/7.3.1/thumb/v7e-m/fpv4-sp/hard\libgcc.a(_udivmoddi4.o)
                0x08000680                __udivmoddi4
 .text          0x0800094c        0x4 c:/ac6/systemworkbench/plugins/fr.ac6.mcu.externaltools.arm-none.win32_1.17.0.201812190825/tools/compiler/bin/../lib/gcc/arm-none-eabi/7.3.1/thumb/v7e-m/fpv4-sp/hard\libgcc.a(_dvmd_tls.o)
                0x0800094c                __aeabi_idiv0
                0x0800094c                __aeabi_ldiv0
 *(.text*)
 .text.VL53L0X_writeReg
                0x08000950       0x1e Core/Src/VL53L0X.o
                0x08000950                VL53L0X_writeReg
 .text.VL53L0X_writeReg16Bit
                0x0800096e       0x24 Core/Src/VL53L0X.o
                0x0800096e                VL53L0X_writeReg16Bit
 .text.VL53L0X_writeReg32Bit
                0x08000992       0x34 Core/Src/VL53L0X.o
                0x08000992                VL53L0X_writeReg32Bit
 .text.VL53L0X_readReg
                0x080009c6       0x2c Core/Src/VL53L0X.o
                0x080009c6                VL53L0X_readReg
 .text.VL53L0X_readReg16Bit
                0x080009f2       0x32 Core/Src/VL53L0X.o
                0x080009f2                VL53L0X_readReg16Bit
 .text.VL53L0X_writeMulti
                0x08000a24       0x2a Core/Src/VL53L0X.o
                0x08000a24                VL53L0X_writeMulti
 .text.VL53L0X_readMulti
                0x08000a4e       0x2a Core/Src/VL53L0X.o
                0x08000a4e                VL53L0X_readMulti
 .text.VL53L0X_setSignalRateLimit
                0x08000a78       0x64 Core/Src/VL53L0X.o
                0x08000a78                VL53L0X_setSignalRateLimit
 .text.VL53L0X_getVcselPulsePeriod
                0x08000adc       0x2c Core/Src/VL53L0X.o
                0x08000adc                VL53L0X_getVcselPulsePeriod
 .text.VL53L0X_startContinuous
                0x08000b08       0x7c Core/Src/VL53L0X.o
                0x08000b08                VL53L0X_startContinuous
 .text.VL53L0X_timeoutOccurred
                0x08000b84        0xa Core/Src/VL53L0X.o
                0x08000b84                VL53L0X_timeoutOccurred
 .text.VL53L0X_getSequenceStepEnables
                0x08000b8e       0x30 Core/Src/VL53L0X.o
                0x08000b8e                VL53L0X_getSequenceStepEnables
 .text.VL53L0X_decodeTimeout
                0x08000bbe       0x10 Core/Src/VL53L0X.o
                0x08000bbe                VL53L0X_decodeTimeout
 .text.VL53L0X_encodeTimeout
                0x08000bce       0x20 Core/Src/VL53L0X.o
                0x08000bce                VL53L0X_encodeTimeout
 *fill*         0x08000bee        0x2 
 .text.VL53L0X_timeoutMclksToMicroseconds
                0x08000bf0       0x28 Core/Src/VL53L0X.o
                0x08000bf0                VL53L0X_timeoutMclksToMicroseconds
 .text.VL53L0X_getSequenceStepTimeouts
                0x08000c18       0x6c Core/Src/VL53L0X.o
                0x08000c18                VL53L0X_getSequenceStepTimeouts
 .text.VL53L0X_getMeasurementTimingBudget
                0x08000c84       0x6c Core/Src/VL53L0X.o
                0x08000c84                VL53L0X_getMeasurementTimingBudget
 .text.VL53L0X_timeoutMicrosecondsToMclks
                0x08000cf0       0x2c Core/Src/VL53L0X.o
                0x08000cf0                VL53L0X_timeoutMicrosecondsToMclks
 .text.VL53L0X_setMeasurementTimingBudget
                0x08000d1c       0xa8 Core/Src/VL53L0X.o
                0x08000d1c                VL53L0X_setMeasurementTimingBudget
 .text.VL53L0X_startTimeout
                0x08000dc4        0xc Core/Src/VL53L0X.o
                0x08000dc4                VL53L0X_startTimeout
 .text.VL53L0X_checkTimeoutExpired
                0x08000dd0       0x22 Core/Src/VL53L0X.o
                0x08000dd0                VL53L0X_checkTimeoutExpired
 .text.VL53L0X_readRangeContinuousMillimeters
                0x08000df2       0x42 Core/Src/VL53L0X.o
                0x08000df2                VL53L0X_readRangeContinuousMillimeters
 .text.VL53L0X_getSpadInfo
                0x08000e34      0x10c Core/Src/VL53L0X.o
                0x08000e34                VL53L0X_getSpadInfo
 .text.VL53L0X_performSingleRefCalibration
                0x08000f40       0x48 Core/Src/VL53L0X.o
                0x08000f40                VL53L0X_performSingleRefCalibration
 .text.VL53L0X_init
                0x08000f88      0x4fe Core/Src/VL53L0X.o
                0x08000f88                VL53L0X_init
 .text.VL53L0X_setVcselPulsePeriod
                0x08001486      0x266 Core/Src/VL53L0X.o
                0x08001486                VL53L0X_setVcselPulsePeriod
 .text.i2c_read
                0x080016ec       0x12 Core/Src/i2c.o
                0x080016ec                i2c_read
 .text.i2c_write
                0x080016fe       0x10 Core/Src/i2c.o
                0x080016fe                i2c_write
 *fill*         0x0800170e        0x2 
 .text.MX_GPIO_Init
                0x08001710      0x1b4 Core/Src/main.o
 .text.MX_I2C1_Init
                0x080018c4       0x34 Core/Src/main.o
 .text.MX_I2S3_Init
                0x080018f8       0x34 Core/Src/main.o
 .text.MX_SPI1_Init
                0x0800192c       0x38 Core/Src/main.o
 .text.SystemClock_Config
                0x08001964       0xb0 Core/Src/main.o
                0x08001964                SystemClock_Config
 .text.main     0x08001a14       0xb0 Core/Src/main.o
                0x08001a14                main
 .text.Error_Handler
                0x08001ac4        0x2 Core/Src/main.o
                0x08001ac4                Error_Handler
 *fill*         0x08001ac6        0x2 
 .text.HAL_MspInit
                0x08001ac8       0x40 Core/Src/stm32f4xx_hal_msp.o
                0x08001ac8                HAL_MspInit
 .text.HAL_I2C_MspInit
                0x08001b08       0x70 Core/Src/stm32f4xx_hal_msp.o
                0x08001b08                HAL_I2C_MspInit
 .text.HAL_I2S_MspInit
                0x08001b78       0x98 Core/Src/stm32f4xx_hal_msp.o
                0x08001b78                HAL_I2S_MspInit
 .text.HAL_SPI_MspInit
                0x08001c10       0x6c Core/Src/stm32f4xx_hal_msp.o
                0x08001c10                HAL_SPI_MspInit
 .text.NMI_Handler
                0x08001c7c        0x2 Core/Src/stm32f4xx_it.o
                0x08001c7c                NMI_Handler
 .text.HardFault_Handler
                0x08001c7e        0x2 Core/Src/stm32f4xx_it.o
                0x08001c7e                HardFault_Handler
 .text.MemManage_Handler
                0x08001c80        0x2 Core/Src/stm32f4xx_it.o
                0x08001c80                MemManage_Handler
 .text.BusFault_Handler
                0x08001c82        0x2 Core/Src/stm32f4xx_it.o
                0x08001c82                BusFault_Handler
 .text.UsageFault_Handler
                0x08001c84        0x2 Core/Src/stm32f4xx_it.o
                0x08001c84                UsageFault_Handler
 .text.SVC_Handler
                0x08001c86        0x2 Core/Src/stm32f4xx_it.o
                0x08001c86                SVC_Handler
 .text.DebugMon_Handler
                0x08001c88        0x2 Core/Src/stm32f4xx_it.o
                0x08001c88                DebugMon_Handler
 .text.PendSV_Handler
                0x08001c8a        0x2 Core/Src/stm32f4xx_it.o
                0x08001c8a                PendSV_Handler
 .text.SysTick_Handler
                0x08001c8c        0x8 Core/Src/stm32f4xx_it.o
                0x08001c8c                SysTick_Handler
 .text.OTG_FS_IRQHandler
                0x08001c94       0x10 Core/Src/stm32f4xx_it.o
                0x08001c94                OTG_FS_IRQHandler
 .text._sbrk    0x08001ca4       0x3c Core/Src/syscalls.o
                0x08001ca4                _sbrk
 .text.SystemInit
                0x08001ce0       0x1c Core/Src/system_stm32f4xx.o
                0x08001ce0                SystemInit
 .text.HAL_InitTick
                0x08001cfc       0x48 Drivers/STM32F4xx_HAL_Driver/Src/stm32f4xx_hal.o
                0x08001cfc                HAL_InitTick
 .text.HAL_Init
                0x08001d44       0x34 Drivers/STM32F4xx_HAL_Driver/Src/stm32f4xx_hal.o
                0x08001d44                HAL_Init
 .text.HAL_IncTick
                0x08001d78       0x18 Drivers/STM32F4xx_HAL_Driver/Src/stm32f4xx_hal.o
                0x08001d78                HAL_IncTick
 .text.HAL_GetTick
                0x08001d90        0xc Drivers/STM32F4xx_HAL_Driver/Src/stm32f4xx_hal.o
                0x08001d90                HAL_GetTick
 .text.HAL_Delay
                0x08001d9c       0x28 Drivers/STM32F4xx_HAL_Driver/Src/stm32f4xx_hal.o
                0x08001d9c                HAL_Delay
 .text.HAL_NVIC_SetPriorityGrouping
                0x08001dc4       0x24 Drivers/STM32F4xx_HAL_Driver/Src/stm32f4xx_hal_cortex.o
                0x08001dc4                HAL_NVIC_SetPriorityGrouping
 .text.HAL_NVIC_SetPriority
                0x08001de8       0x68 Drivers/STM32F4xx_HAL_Driver/Src/stm32f4xx_hal_cortex.o
                0x08001de8                HAL_NVIC_SetPriority
 .text.HAL_NVIC_EnableIRQ
                0x08001e50       0x1c Drivers/STM32F4xx_HAL_Driver/Src/stm32f4xx_hal_cortex.o
                0x08001e50                HAL_NVIC_EnableIRQ
 .text.HAL_SYSTICK_Config
                0x08001e6c       0x2c Drivers/STM32F4xx_HAL_Driver/Src/stm32f4xx_hal_cortex.o
                0x08001e6c                HAL_SYSTICK_Config
 .text.HAL_GPIO_Init
                0x08001e98      0x1c8 Drivers/STM32F4xx_HAL_Driver/Src/stm32f4xx_hal_gpio.o
                0x08001e98                HAL_GPIO_Init
 .text.HAL_GPIO_WritePin
                0x08002060        0xc Drivers/STM32F4xx_HAL_Driver/Src/stm32f4xx_hal_gpio.o
                0x08002060                HAL_GPIO_WritePin
 .text.HCD_RXQLVL_IRQHandler
                0x0800206c       0x7c Drivers/STM32F4xx_HAL_Driver/Src/stm32f4xx_hal_hcd.o
 .text.HAL_HCD_HC_Init
                0x080020e8       0xa0 Drivers/STM32F4xx_HAL_Driver/Src/stm32f4xx_hal_hcd.o
                0x080020e8                HAL_HCD_HC_Init
 .text.HAL_HCD_HC_Halt
                0x08002188       0x24 Drivers/STM32F4xx_HAL_Driver/Src/stm32f4xx_hal_hcd.o
                0x08002188                HAL_HCD_HC_Halt
 .text.HAL_HCD_Init
                0x080021ac       0x94 Drivers/STM32F4xx_HAL_Driver/Src/stm32f4xx_hal_hcd.o
                0x080021ac                HAL_HCD_Init
 .text.HAL_HCD_HC_SubmitRequest
                0x08002240      0x196 Drivers/STM32F4xx_HAL_Driver/Src/stm32f4xx_hal_hcd.o
                0x08002240                HAL_HCD_HC_SubmitRequest
 .text.HCD_Port_IRQHandler
                0x080023d6       0xb0 Drivers/STM32F4xx_HAL_Driver/Src/stm32f4xx_hal_hcd.o
 .text.HCD_HC_IN_IRQHandler
                0x08002486      0x32c Drivers/STM32F4xx_HAL_Driver/Src/stm32f4xx_hal_hcd.o
 .text.HCD_HC_OUT_IRQHandler
                0x080027b2      0x2b4 Drivers/STM32F4xx_HAL_Driver/Src/stm32f4xx_hal_hcd.o
 .text.HAL_HCD_IRQHandler
                0x08002a66      0x146 Drivers/STM32F4xx_HAL_Driver/Src/stm32f4xx_hal_hcd.o
                0x08002a66                HAL_HCD_IRQHandler
 .text.HAL_HCD_Start
                0x08002bac       0x2c Drivers/STM32F4xx_HAL_Driver/Src/stm32f4xx_hal_hcd.o
                0x08002bac                HAL_HCD_Start
 .text.HAL_HCD_Stop
                0x08002bd8       0x24 Drivers/STM32F4xx_HAL_Driver/Src/stm32f4xx_hal_hcd.o
                0x08002bd8                HAL_HCD_Stop
 .text.HAL_HCD_ResetPort
                0x08002bfc        0xa Drivers/STM32F4xx_HAL_Driver/Src/stm32f4xx_hal_hcd.o
                0x08002bfc                HAL_HCD_ResetPort
 .text.HAL_HCD_HC_GetURBState
                0x08002c06        0xe Drivers/STM32F4xx_HAL_Driver/Src/stm32f4xx_hal_hcd.o
                0x08002c06                HAL_HCD_HC_GetURBState
 .text.HAL_HCD_HC_GetXferCount
                0x08002c14        0xc Drivers/STM32F4xx_HAL_Driver/Src/stm32f4xx_hal_hcd.o
                0x08002c14                HAL_HCD_HC_GetXferCount
 .text.HAL_HCD_GetCurrentFrame
                0x08002c20        0xa Drivers/STM32F4xx_HAL_Driver/Src/stm32f4xx_hal_hcd.o
                0x08002c20                HAL_HCD_GetCurrentFrame
 .text.HAL_HCD_GetCurrentSpeed
                0x08002c2a        0xa Drivers/STM32F4xx_HAL_Driver/Src/stm32f4xx_hal_hcd.o
                0x08002c2a                HAL_HCD_GetCurrentSpeed
 .text.I2C_IsAcknowledgeFailed
                0x08002c34       0x32 Drivers/STM32F4xx_HAL_Driver/Src/stm32f4xx_hal_i2c.o
 .text.I2C_WaitOnFlagUntilTimeout
                0x08002c66       0x70 Drivers/STM32F4xx_HAL_Driver/Src/stm32f4xx_hal_i2c.o
 .text.I2C_WaitOnMasterAddressFlagUntilTimeout
                0x08002cd6       0xa4 Drivers/STM32F4xx_HAL_Driver/Src/stm32f4xx_hal_i2c.o
 *fill*         0x08002d7a        0x2 
 .text.I2C_MasterRequestWrite
                0x08002d7c       0xbc Drivers/STM32F4xx_HAL_Driver/Src/stm32f4xx_hal_i2c.o
 .text.I2C_MasterRequestRead
                0x08002e38      0x128 Drivers/STM32F4xx_HAL_Driver/Src/stm32f4xx_hal_i2c.o
 .text.I2C_WaitOnTXEFlagUntilTimeout
                0x08002f60       0x54 Drivers/STM32F4xx_HAL_Driver/Src/stm32f4xx_hal_i2c.o
 .text.I2C_WaitOnBTFFlagUntilTimeout
                0x08002fb4       0x54 Drivers/STM32F4xx_HAL_Driver/Src/stm32f4xx_hal_i2c.o
 .text.I2C_WaitOnRXNEFlagUntilTimeout
                0x08003008       0x6a Drivers/STM32F4xx_HAL_Driver/Src/stm32f4xx_hal_i2c.o
 *fill*         0x08003072        0x2 
 .text.HAL_I2C_Init
                0x08003074      0x1b4 Drivers/STM32F4xx_HAL_Driver/Src/stm32f4xx_hal_i2c.o
                0x08003074                HAL_I2C_Init
 .text.HAL_I2C_Master_Transmit
                0x08003228      0x174 Drivers/STM32F4xx_HAL_Driver/Src/stm32f4xx_hal_i2c.o
                0x08003228                HAL_I2C_Master_Transmit
 .text.HAL_I2C_Master_Receive
                0x0800339c      0x2d0 Drivers/STM32F4xx_HAL_Driver/Src/stm32f4xx_hal_i2c.o
                0x0800339c                HAL_I2C_Master_Receive
 .text.HAL_I2S_Init
                0x0800366c      0x19c Drivers/STM32F4xx_HAL_Driver/Src/stm32f4xx_hal_i2s.o
                0x0800366c                HAL_I2S_Init
 .text.HAL_I2S_TxCpltCallback
                0x08003808        0x2 Drivers/STM32F4xx_HAL_Driver/Src/stm32f4xx_hal_i2s.o
                0x08003808                HAL_I2S_TxCpltCallback
 .text.I2S_Transmit_IT
                0x0800380a       0x36 Drivers/STM32F4xx_HAL_Driver/Src/stm32f4xx_hal_i2s.o
 .text.HAL_I2S_RxCpltCallback
                0x08003840        0x2 Drivers/STM32F4xx_HAL_Driver/Src/stm32f4xx_hal_i2s.o
                0x08003840                HAL_I2S_RxCpltCallback
 .text.I2S_Receive_IT
                0x08003842       0x36 Drivers/STM32F4xx_HAL_Driver/Src/stm32f4xx_hal_i2s.o
 .text.HAL_I2S_ErrorCallback
                0x08003878        0x2 Drivers/STM32F4xx_HAL_Driver/Src/stm32f4xx_hal_i2s.o
                0x08003878                HAL_I2S_ErrorCallback
 .text.I2S_IRQHandler
                0x0800387a       0xd0 Drivers/STM32F4xx_HAL_Driver/Src/stm32f4xx_hal_i2s.o
 .text.HAL_I2SEx_TxRxCpltCallback
                0x0800394a        0x2 Drivers/STM32F4xx_HAL_Driver/Src/stm32f4xx_hal_i2s_ex.o
                0x0800394a                HAL_I2SEx_TxRxCpltCallback
 .text.I2SEx_TxISR_I2S
                0x0800394c       0x3a Drivers/STM32F4xx_HAL_Driver/Src/stm32f4xx_hal_i2s_ex.o
 *fill*         0x08003986        0x2 
 .text.I2SEx_RxISR_I2SExt
                0x08003988       0x60 Drivers/STM32F4xx_HAL_Driver/Src/stm32f4xx_hal_i2s_ex.o
 .text.I2SEx_TxISR_I2SExt
                0x080039e8       0x60 Drivers/STM32F4xx_HAL_Driver/Src/stm32f4xx_hal_i2s_ex.o
 .text.I2SEx_RxISR_I2S
                0x08003a48       0x3a Drivers/STM32F4xx_HAL_Driver/Src/stm32f4xx_hal_i2s_ex.o
 *fill*         0x08003a82        0x2 
 .text.HAL_I2SEx_FullDuplex_IRQHandler
                0x08003a84      0x1d8 Drivers/STM32F4xx_HAL_Driver/Src/stm32f4xx_hal_i2s_ex.o
                0x08003a84                HAL_I2SEx_FullDuplex_IRQHandler
 .text.HAL_RCC_OscConfig
                0x08003c5c      0x3ec Drivers/STM32F4xx_HAL_Driver/Src/stm32f4xx_hal_rcc.o
                0x08003c5c                HAL_RCC_OscConfig
 .text.HAL_RCC_GetSysClockFreq
                0x08004048       0xd8 Drivers/STM32F4xx_HAL_Driver/Src/stm32f4xx_hal_rcc.o
                0x08004048                HAL_RCC_GetSysClockFreq
 .text.HAL_RCC_ClockConfig
                0x08004120      0x160 Drivers/STM32F4xx_HAL_Driver/Src/stm32f4xx_hal_rcc.o
                0x08004120                HAL_RCC_ClockConfig
 .text.HAL_RCC_GetHCLKFreq
                0x08004280        0xc Drivers/STM32F4xx_HAL_Driver/Src/stm32f4xx_hal_rcc.o
                0x08004280                HAL_RCC_GetHCLKFreq
 .text.HAL_RCC_GetPCLK1Freq
                0x0800428c       0x20 Drivers/STM32F4xx_HAL_Driver/Src/stm32f4xx_hal_rcc.o
                0x0800428c                HAL_RCC_GetPCLK1Freq
 .text.HAL_RCCEx_PeriphCLKConfig
                0x080042ac      0x154 Drivers/STM32F4xx_HAL_Driver/Src/stm32f4xx_hal_rcc_ex.o
                0x080042ac                HAL_RCCEx_PeriphCLKConfig
 .text.HAL_RCCEx_GetPeriphCLKFreq
                0x08004400       0x74 Drivers/STM32F4xx_HAL_Driver/Src/stm32f4xx_hal_rcc_ex.o
                0x08004400                HAL_RCCEx_GetPeriphCLKFreq
 .text.HAL_SPI_Init
                0x08004474       0x80 Drivers/STM32F4xx_HAL_Driver/Src/stm32f4xx_hal_spi.o
                0x08004474                HAL_SPI_Init
 .text.USB_CoreReset
                0x080044f4       0x3c Drivers/STM32F4xx_HAL_Driver/Src/stm32f4xx_ll_usb.o
 .text.USB_CoreInit
                0x08004530       0x8a Drivers/STM32F4xx_HAL_Driver/Src/stm32f4xx_ll_usb.o
                0x08004530                USB_CoreInit
 .text.USB_EnableGlobalInt
                0x080045ba        0xc Drivers/STM32F4xx_HAL_Driver/Src/stm32f4xx_ll_usb.o
                0x080045ba                USB_EnableGlobalInt
 .text.USB_DisableGlobalInt
                0x080045c6        0xc Drivers/STM32F4xx_HAL_Driver/Src/stm32f4xx_ll_usb.o
                0x080045c6                USB_DisableGlobalInt
 .text.USB_SetCurrentMode
                0x080045d2       0x30 Drivers/STM32F4xx_HAL_Driver/Src/stm32f4xx_ll_usb.o
                0x080045d2                USB_SetCurrentMode
 *fill*         0x08004602        0x2 
 .text.USB_FlushTxFifo
                0x08004604       0x28 Drivers/STM32F4xx_HAL_Driver/Src/stm32f4xx_ll_usb.o
                0x08004604                USB_FlushTxFifo
 .text.USB_FlushRxFifo
                0x0800462c       0x24 Drivers/STM32F4xx_HAL_Driver/Src/stm32f4xx_ll_usb.o
                0x0800462c                USB_FlushRxFifo
 .text.USB_WritePacket
                0x08004650       0x28 Drivers/STM32F4xx_HAL_Driver/Src/stm32f4xx_ll_usb.o
                0x08004650                USB_WritePacket
 .text.USB_ReadPacket
                0x08004678       0x28 Drivers/STM32F4xx_HAL_Driver/Src/stm32f4xx_ll_usb.o
                0x08004678                USB_ReadPacket
 .text.USB_ReadInterrupts
                0x080046a0        0x8 Drivers/STM32F4xx_HAL_Driver/Src/stm32f4xx_ll_usb.o
                0x080046a0                USB_ReadInterrupts
 .text.USB_GetMode
                0x080046a8        0x8 Drivers/STM32F4xx_HAL_Driver/Src/stm32f4xx_ll_usb.o
                0x080046a8                USB_GetMode
 .text.USB_InitFSLSPClkSel
                0x080046b0       0x40 Drivers/STM32F4xx_HAL_Driver/Src/stm32f4xx_ll_usb.o
                0x080046b0                USB_InitFSLSPClkSel
 .text.USB_ResetPort
                0x080046f0       0x3e Drivers/STM32F4xx_HAL_Driver/Src/stm32f4xx_ll_usb.o
                0x080046f0                USB_ResetPort
 .text.USB_DriveVbus
                0x0800472e       0x46 Drivers/STM32F4xx_HAL_Driver/Src/stm32f4xx_ll_usb.o
                0x0800472e                USB_DriveVbus
 .text.USB_HostInit
                0x08004774       0xfc Drivers/STM32F4xx_HAL_Driver/Src/stm32f4xx_ll_usb.o
                0x08004774                USB_HostInit
 .text.USB_GetHostSpeed
                0x08004870       0x16 Drivers/STM32F4xx_HAL_Driver/Src/stm32f4xx_ll_usb.o
                0x08004870                USB_GetHostSpeed
 .text.USB_GetCurrentFrame
                0x08004886        0xa Drivers/STM32F4xx_HAL_Driver/Src/stm32f4xx_ll_usb.o
                0x08004886                USB_GetCurrentFrame
 .text.USB_HC_Init
                0x08004890      0x108 Drivers/STM32F4xx_HAL_Driver/Src/stm32f4xx_ll_usb.o
                0x08004890                USB_HC_Init
 .text.USB_HC_ReadInterrupt
                0x08004998        0xa Drivers/STM32F4xx_HAL_Driver/Src/stm32f4xx_ll_usb.o
                0x08004998                USB_HC_ReadInterrupt
 .text.USB_HC_Halt
                0x080049a2       0xd0 Drivers/STM32F4xx_HAL_Driver/Src/stm32f4xx_ll_usb.o
                0x080049a2                USB_HC_Halt
 *fill*         0x08004a72        0x2 
 .text.USB_DoPing
                0x08004a74       0x24 Drivers/STM32F4xx_HAL_Driver/Src/stm32f4xx_ll_usb.o
                0x08004a74                USB_DoPing
 .text.USB_HC_StartXfer
                0x08004a98      0x158 Drivers/STM32F4xx_HAL_Driver/Src/stm32f4xx_ll_usb.o
                0x08004a98                USB_HC_StartXfer
 .text.USB_StopHost
                0x08004bf0       0x7e Drivers/STM32F4xx_HAL_Driver/Src/stm32f4xx_ll_usb.o
                0x08004bf0                USB_StopHost
 .text.USBH_CDC_SOFProcess
                0x08004c6e        0x4 Middlewares/ST/STM32_USB_Host_Library/Class/CDC/Src/usbh_cdc.o
 .text.SetLineCoding
                0x08004c72       0x1a Middlewares/ST/STM32_USB_Host_Library/Class/CDC/Src/usbh_cdc.o
 .text.GetLineCoding
                0x08004c8c       0x1a Middlewares/ST/STM32_USB_Host_Library/Class/CDC/Src/usbh_cdc.o
 .text.USBH_CDC_ClassRequest
                0x08004ca6       0x22 Middlewares/ST/STM32_USB_Host_Library/Class/CDC/Src/usbh_cdc.o
 .text.USBH_CDC_InterfaceDeInit
                0x08004cc8       0x68 Middlewares/ST/STM32_USB_Host_Library/Class/CDC/Src/usbh_cdc.o
 .text.USBH_CDC_InterfaceInit
                0x08004d30      0x17e Middlewares/ST/STM32_USB_Host_Library/Class/CDC/Src/usbh_cdc.o
 .text.USBH_CDC_TransmitCallback
                0x08004eae        0x2 Middlewares/ST/STM32_USB_Host_Library/Class/CDC/Src/usbh_cdc.o
                0x08004eae                USBH_CDC_TransmitCallback
 .text.CDC_ProcessTransmission
                0x08004eb0       0x94 Middlewares/ST/STM32_USB_Host_Library/Class/CDC/Src/usbh_cdc.o
 .text.USBH_CDC_ReceiveCallback
                0x08004f44        0x2 Middlewares/ST/STM32_USB_Host_Library/Class/CDC/Src/usbh_cdc.o
                0x08004f44                USBH_CDC_ReceiveCallback
 .text.CDC_ProcessReception
                0x08004f46       0x68 Middlewares/ST/STM32_USB_Host_Library/Class/CDC/Src/usbh_cdc.o
 .text.USBH_CDC_LineCodingChanged
                0x08004fae        0x2 Middlewares/ST/STM32_USB_Host_Library/Class/CDC/Src/usbh_cdc.o
                0x08004fae                USBH_CDC_LineCodingChanged
 .text.USBH_CDC_Process
                0x08004fb0       0xb8 Middlewares/ST/STM32_USB_Host_Library/Class/CDC/Src/usbh_cdc.o
 .text.DeInitStateMachine
                0x08005068       0x54 Middlewares/ST/STM32_USB_Host_Library/Core/Src/usbh_core.o
 .text.USBH_HandleSof
                0x080050bc       0x1a Middlewares/ST/STM32_USB_Host_Library/Core/Src/usbh_core.o
 .text.USBH_HandleEnum
                0x080050d6      0x276 Middlewares/ST/STM32_USB_Host_Library/Core/Src/usbh_core.o
 .text.USBH_Init
                0x0800534c       0x3e Middlewares/ST/STM32_USB_Host_Library/Core/Src/usbh_core.o
                0x0800534c                USBH_Init
 .text.USBH_RegisterClass
                0x0800538a       0x22 Middlewares/ST/STM32_USB_Host_Library/Core/Src/usbh_core.o
                0x0800538a                USBH_RegisterClass
 .text.USBH_SelectInterface
                0x080053ac       0x14 Middlewares/ST/STM32_USB_Host_Library/Core/Src/usbh_core.o
                0x080053ac                USBH_SelectInterface
 .text.USBH_FindInterface
                0x080053c0       0x50 Middlewares/ST/STM32_USB_Host_Library/Core/Src/usbh_core.o
                0x080053c0                USBH_FindInterface
 .text.USBH_Start
                0x08005410       0x14 Middlewares/ST/STM32_USB_Host_Library/Core/Src/usbh_core.o
                0x08005410                USBH_Start
 .text.USBH_Process
                0x08005424      0x27e Middlewares/ST/STM32_USB_Host_Library/Core/Src/usbh_core.o
                0x08005424                USBH_Process
 .text.USBH_LL_SetTimer
                0x080056a2        0x6 Middlewares/ST/STM32_USB_Host_Library/Core/Src/usbh_core.o
                0x080056a2                USBH_LL_SetTimer
 .text.USBH_LL_IncTimer
                0x080056a8       0x12 Middlewares/ST/STM32_USB_Host_Library/Core/Src/usbh_core.o
                0x080056a8                USBH_LL_IncTimer
 .text.USBH_LL_PortEnabled
                0x080056ba        0x8 Middlewares/ST/STM32_USB_Host_Library/Core/Src/usbh_core.o
                0x080056ba                USBH_LL_PortEnabled
 .text.USBH_LL_PortDisabled
                0x080056c2        0x8 Middlewares/ST/STM32_USB_Host_Library/Core/Src/usbh_core.o
                0x080056c2                USBH_LL_PortDisabled
 .text.USBH_LL_Connect
                0x080056ca       0x14 Middlewares/ST/STM32_USB_Host_Library/Core/Src/usbh_core.o
                0x080056ca                USBH_LL_Connect
 .text.USBH_LL_Disconnect
                0x080056de       0x2c Middlewares/ST/STM32_USB_Host_Library/Core/Src/usbh_core.o
                0x080056de                USBH_LL_Disconnect
 .text.USBH_ParseDevDesc
                0x0800570a       0x5c Middlewares/ST/STM32_USB_Host_Library/Core/Src/usbh_ctlreq.o
 .text.USBH_ParseInterfaceDesc
                0x08005766       0x26 Middlewares/ST/STM32_USB_Host_Library/Core/Src/usbh_ctlreq.o
 .text.USBH_ParseEPDesc
                0x0800578c       0x20 Middlewares/ST/STM32_USB_Host_Library/Core/Src/usbh_ctlreq.o
 .text.USBH_ParseStringDesc
                0x080057ac       0x3c Middlewares/ST/STM32_USB_Host_Library/Core/Src/usbh_ctlreq.o
 .text.USBH_HandleControl
                0x080057e8      0x1de Middlewares/ST/STM32_USB_Host_Library/Core/Src/usbh_ctlreq.o
 .text.USBH_GetNextDesc
                0x080059c6        0xe Middlewares/ST/STM32_USB_Host_Library/Core/Src/usbh_ctlreq.o
                0x080059c6                USBH_GetNextDesc
 .text.USBH_ParseCfgDesc
                0x080059d4       0xc2 Middlewares/ST/STM32_USB_Host_Library/Core/Src/usbh_ctlreq.o
 .text.USBH_CtlReq
                0x08005a96       0x44 Middlewares/ST/STM32_USB_Host_Library/Core/Src/usbh_ctlreq.o
                0x08005a96                USBH_CtlReq
 .text.USBH_GetDescriptor
                0x08005ada       0x3c Middlewares/ST/STM32_USB_Host_Library/Core/Src/usbh_ctlreq.o
                0x08005ada                USBH_GetDescriptor
 .text.USBH_Get_DevDesc
                0x08005b16       0x32 Middlewares/ST/STM32_USB_Host_Library/Core/Src/usbh_ctlreq.o
                0x08005b16                USBH_Get_DevDesc
 .text.USBH_Get_CfgDesc
                0x08005b48       0x32 Middlewares/ST/STM32_USB_Host_Library/Core/Src/usbh_ctlreq.o
                0x08005b48                USBH_Get_CfgDesc
 .text.USBH_Get_StringDesc
                0x08005b7a       0x30 Middlewares/ST/STM32_USB_Host_Library/Core/Src/usbh_ctlreq.o
                0x08005b7a                USBH_Get_StringDesc
 .text.USBH_SetAddress
                0x08005baa       0x22 Middlewares/ST/STM32_USB_Host_Library/Core/Src/usbh_ctlreq.o
                0x08005baa                USBH_SetAddress
 .text.USBH_SetCfg
                0x08005bcc       0x22 Middlewares/ST/STM32_USB_Host_Library/Core/Src/usbh_ctlreq.o
                0x08005bcc                USBH_SetCfg
 .text.USBH_SetFeature
                0x08005bee       0x22 Middlewares/ST/STM32_USB_Host_Library/Core/Src/usbh_ctlreq.o
                0x08005bee                USBH_SetFeature
 .text.USBH_ClrFeature
                0x08005c10       0x24 Middlewares/ST/STM32_USB_Host_Library/Core/Src/usbh_ctlreq.o
                0x08005c10                USBH_ClrFeature
 .text.USBH_CtlSendSetup
                0x08005c34       0x22 Middlewares/ST/STM32_USB_Host_Library/Core/Src/usbh_ioreq.o
                0x08005c34                USBH_CtlSendSetup
 .text.USBH_CtlSendData
                0x08005c56       0x2c Middlewares/ST/STM32_USB_Host_Library/Core/Src/usbh_ioreq.o
                0x08005c56                USBH_CtlSendData
 .text.USBH_CtlReceiveData
                0x08005c82       0x20 Middlewares/ST/STM32_USB_Host_Library/Core/Src/usbh_ioreq.o
                0x08005c82                USBH_CtlReceiveData
 .text.USBH_BulkSendData
                0x08005ca2       0x2c Middlewares/ST/STM32_USB_Host_Library/Core/Src/usbh_ioreq.o
                0x08005ca2                USBH_BulkSendData
 .text.USBH_BulkReceiveData
                0x08005cce       0x20 Middlewares/ST/STM32_USB_Host_Library/Core/Src/usbh_ioreq.o
                0x08005cce                USBH_BulkReceiveData
 .text.USBH_GetFreePipe
                0x08005cee       0x26 Middlewares/ST/STM32_USB_Host_Library/Core/Src/usbh_pipes.o
 .text.USBH_OpenPipe
                0x08005d14       0x20 Middlewares/ST/STM32_USB_Host_Library/Core/Src/usbh_pipes.o
                0x08005d14                USBH_OpenPipe
 .text.USBH_ClosePipe
                0x08005d34        0xa Middlewares/ST/STM32_USB_Host_Library/Core/Src/usbh_pipes.o
                0x08005d34                USBH_ClosePipe
 .text.USBH_AllocPipe
                0x08005d3e       0x26 Middlewares/ST/STM32_USB_Host_Library/Core/Src/usbh_pipes.o
                0x08005d3e                USBH_AllocPipe
 .text.USBH_FreePipe
                0x08005d64       0x16 Middlewares/ST/STM32_USB_Host_Library/Core/Src/usbh_pipes.o
                0x08005d64                USBH_FreePipe
 *fill*         0x08005d7a        0x2 
 .text.USBH_UserProcess
                0x08005d7c       0x2c USB_HOST/App/usb_host.o
 .text.MX_USB_HOST_Init
                0x08005da8       0x40 USB_HOST/App/usb_host.o
                0x08005da8                MX_USB_HOST_Init
 .text.MX_USB_HOST_Process
                0x08005de8       0x10 USB_HOST/App/usb_host.o
                0x08005de8                MX_USB_HOST_Process
 .text.HAL_HCD_MspInit
                0x08005df8       0x98 USB_HOST/Target/usbh_conf.o
                0x08005df8                HAL_HCD_MspInit
 .text.HAL_HCD_SOF_Callback
                0x08005e90        0xc USB_HOST/Target/usbh_conf.o
                0x08005e90                HAL_HCD_SOF_Callback
 .text.HAL_HCD_Connect_Callback
                0x08005e9c        0xc USB_HOST/Target/usbh_conf.o
                0x08005e9c                HAL_HCD_Connect_Callback
 .text.HAL_HCD_Disconnect_Callback
                0x08005ea8        0xc USB_HOST/Target/usbh_conf.o
                0x08005ea8                HAL_HCD_Disconnect_Callback
 .text.HAL_HCD_HC_NotifyURBChange_Callback
                0x08005eb4        0x2 USB_HOST/Target/usbh_conf.o
                0x08005eb4                HAL_HCD_HC_NotifyURBChange_Callback
 .text.HAL_HCD_PortEnabled_Callback
                0x08005eb6        0xc USB_HOST/Target/usbh_conf.o
                0x08005eb6                HAL_HCD_PortEnabled_Callback
 .text.HAL_HCD_PortDisabled_Callback
                0x08005ec2        0xc USB_HOST/Target/usbh_conf.o
                0x08005ec2                HAL_HCD_PortDisabled_Callback
 *fill*         0x08005ece        0x2 
 .text.USBH_LL_Init
                0x08005ed0       0x54 USB_HOST/Target/usbh_conf.o
                0x08005ed0                USBH_LL_Init
 .text.USBH_LL_GetSpeed
                0x08005f24       0x1c USB_HOST/Target/usbh_conf.o
                0x08005f24                USBH_LL_GetSpeed
 .text.USBH_LL_GetLastXferSize
                0x08005f40        0xc USB_HOST/Target/usbh_conf.o
                0x08005f40                USBH_LL_GetLastXferSize
 .text.USBH_LL_GetURBState
                0x08005f4c        0xc USB_HOST/Target/usbh_conf.o
                0x08005f4c                USBH_LL_GetURBState
 .text.USBH_LL_DriverVBUS
                0x08005f58       0x1c USB_HOST/Target/usbh_conf.o
                0x08005f58                USBH_LL_DriverVBUS
 .text.USBH_LL_SetToggle
                0x08005f74       0x32 USB_HOST/Target/usbh_conf.o
                0x08005f74                USBH_LL_SetToggle
 .text.USBH_Delay
                0x08005fa6        0x8 USB_HOST/Target/usbh_conf.o
                0x08005fa6                USBH_Delay
 .text.USBH_Get_USB_Status
                0x08005fae       0x12 USB_HOST/Target/usbh_conf.o
                0x08005fae                USBH_Get_USB_Status
 .text.USBH_LL_Start
                0x08005fc0       0x10 USB_HOST/Target/usbh_conf.o
                0x08005fc0                USBH_LL_Start
 .text.USBH_LL_Stop
                0x08005fd0       0x10 USB_HOST/Target/usbh_conf.o
                0x08005fd0                USBH_LL_Stop
 .text.USBH_LL_ResetPort
                0x08005fe0       0x10 USB_HOST/Target/usbh_conf.o
                0x08005fe0                USBH_LL_ResetPort
 .text.USBH_LL_OpenPipe
                0x08005ff0       0x26 USB_HOST/Target/usbh_conf.o
                0x08005ff0                USBH_LL_OpenPipe
 .text.USBH_LL_ClosePipe
                0x08006016       0x10 USB_HOST/Target/usbh_conf.o
                0x08006016                USBH_LL_ClosePipe
 .text.USBH_LL_SubmitURB
                0x08006026       0x2a USB_HOST/Target/usbh_conf.o
                0x08006026                USBH_LL_SubmitURB
 .text.MX_DriverVbusFS
                0x08006050       0x18 USB_HOST/Target/usbh_platform.o
                0x08006050                MX_DriverVbusFS
 .text.Reset_Handler
                0x08006068       0x50 startup/startup_stm32f407xx.o
                0x08006068                Reset_Handler
 .text.Default_Handler
                0x080060b8        0x2 startup/startup_stm32f407xx.o
                0x080060b8                RTC_Alarm_IRQHandler
                0x080060b8                HASH_RNG_IRQHandler
                0x080060b8                EXTI2_IRQHandler
                0x080060b8                TIM8_CC_IRQHandler
                0x080060b8                TIM1_CC_IRQHandler
                0x080060b8                DMA2_Stream5_IRQHandler
                0x080060b8                DMA1_Stream5_IRQHandler
                0x080060b8                PVD_IRQHandler
                0x080060b8                SDIO_IRQHandler
                0x080060b8                TAMP_STAMP_IRQHandler
                0x080060b8                CAN2_RX1_IRQHandler
                0x080060b8                EXTI3_IRQHandler
                0x080060b8                TIM8_TRG_COM_TIM14_IRQHandler
                0x080060b8                TIM1_UP_TIM10_IRQHandler
                0x080060b8                TIM8_UP_TIM13_IRQHandler
                0x080060b8                I2C3_ER_IRQHandler
                0x080060b8                EXTI0_IRQHandler
                0x080060b8                I2C2_EV_IRQHandler
                0x080060b8                DMA1_Stream2_IRQHandler
                0x080060b8                CAN1_RX0_IRQHandler
                0x080060b8                FPU_IRQHandler
                0x080060b8                OTG_HS_WKUP_IRQHandler
                0x080060b8                CAN2_SCE_IRQHandler
                0x080060b8                DMA2_Stream2_IRQHandler
                0x080060b8                SPI1_IRQHandler
                0x080060b8                TIM6_DAC_IRQHandler
                0x080060b8                TIM1_BRK_TIM9_IRQHandler
                0x080060b8                DCMI_IRQHandler
                0x080060b8                CAN2_RX0_IRQHandler
                0x080060b8                DMA2_Stream3_IRQHandler
                0x080060b8                USART6_IRQHandler
                0x080060b8                USART3_IRQHandler
                0x080060b8                CAN1_RX1_IRQHandler
                0x080060b8                UART5_IRQHandler
                0x080060b8                DMA2_Stream0_IRQHandler
                0x080060b8                TIM4_IRQHandler
                0x080060b8                I2C1_EV_IRQHandler
                0x080060b8                DMA1_Stream6_IRQHandler
                0x080060b8                DMA1_Stream1_IRQHandler
                0x080060b8                UART4_IRQHandler
                0x080060b8                TIM3_IRQHandler
                0x080060b8                RCC_IRQHandler
                0x080060b8                TIM8_BRK_TIM12_IRQHandler
                0x080060b8                Default_Handler
                0x080060b8                EXTI15_10_IRQHandler
                0x080060b8                ADC_IRQHandler
                0x080060b8                DMA1_Stream7_IRQHandler
                0x080060b8                TIM7_IRQHandler
                0x080060b8                CAN2_TX_IRQHandler
                0x080060b8                TIM5_IRQHandler
                0x080060b8                DMA2_Stream7_IRQHandler
                0x080060b8                I2C3_EV_IRQHandler
                0x080060b8                EXTI9_5_IRQHandler
                0x080060b8                RTC_WKUP_IRQHandler
                0x080060b8                ETH_WKUP_IRQHandler
                0x080060b8                SPI2_IRQHandler
                0x080060b8                OTG_HS_EP1_IN_IRQHandler
                0x080060b8                DMA1_Stream0_IRQHandler
                0x080060b8                CAN1_TX_IRQHandler
                0x080060b8                EXTI4_IRQHandler
                0x080060b8                FSMC_IRQHandler
                0x080060b8                ETH_IRQHandler
                0x080060b8                OTG_HS_EP1_OUT_IRQHandler
                0x080060b8                WWDG_IRQHandler
                0x080060b8                TIM2_IRQHandler
                0x080060b8                OTG_FS_WKUP_IRQHandler
                0x080060b8                TIM1_TRG_COM_TIM11_IRQHandler
                0x080060b8                OTG_HS_IRQHandler
                0x080060b8                EXTI1_IRQHandler
                0x080060b8                USART2_IRQHandler
                0x080060b8                I2C2_ER_IRQHandler
                0x080060b8                DMA2_Stream1_IRQHandler
                0x080060b8                CAN1_SCE_IRQHandler
                0x080060b8                FLASH_IRQHandler
                0x080060b8                DMA2_Stream4_IRQHandler
                0x080060b8                USART1_IRQHandler
                0x080060b8                SPI3_IRQHandler
                0x080060b8                DMA1_Stream4_IRQHandler
                0x080060b8                I2C1_ER_IRQHandler
                0x080060b8                DMA2_Stream6_IRQHandler
                0x080060b8                DMA1_Stream3_IRQHandler
 *fill*         0x080060ba        0x2 
 .text.__errno  0x080060bc        0xc c:/ac6/systemworkbench/plugins/fr.ac6.mcu.externaltools.arm-none.win32_1.17.0.201812190825/tools/compiler/bin/../lib/gcc/arm-none-eabi/7.3.1/../../../../arm-none-eabi/lib/thumb/v7e-m/fpv4-sp/hard\libc_nano.a(lib_a-errno.o)
                0x080060bc                __errno
 .text.__libc_init_array
                0x080060c8       0x48 c:/ac6/systemworkbench/plugins/fr.ac6.mcu.externaltools.arm-none.win32_1.17.0.201812190825/tools/compiler/bin/../lib/gcc/arm-none-eabi/7.3.1/../../../../arm-none-eabi/lib/thumb/v7e-m/fpv4-sp/hard\libc_nano.a(lib_a-init.o)
                0x080060c8                __libc_init_array
 .text.malloc   0x08006110       0x10 c:/ac6/systemworkbench/plugins/fr.ac6.mcu.externaltools.arm-none.win32_1.17.0.201812190825/tools/compiler/bin/../lib/gcc/arm-none-eabi/7.3.1/../../../../arm-none-eabi/lib/thumb/v7e-m/fpv4-sp/hard\libc_nano.a(lib_a-malloc.o)
                0x08006110                malloc
 .text.free     0x08006120       0x10 c:/ac6/systemworkbench/plugins/fr.ac6.mcu.externaltools.arm-none.win32_1.17.0.201812190825/tools/compiler/bin/../lib/gcc/arm-none-eabi/7.3.1/../../../../arm-none-eabi/lib/thumb/v7e-m/fpv4-sp/hard\libc_nano.a(lib_a-malloc.o)
                0x08006120                free
 .text.memset   0x08006130       0x10 c:/ac6/systemworkbench/plugins/fr.ac6.mcu.externaltools.arm-none.win32_1.17.0.201812190825/tools/compiler/bin/../lib/gcc/arm-none-eabi/7.3.1/../../../../arm-none-eabi/lib/thumb/v7e-m/fpv4-sp/hard\libc_nano.a(lib_a-memset.o)
                0x08006130                memset
 .text._free_r  0x08006140       0x9c c:/ac6/systemworkbench/plugins/fr.ac6.mcu.externaltools.arm-none.win32_1.17.0.201812190825/tools/compiler/bin/../lib/gcc/arm-none-eabi/7.3.1/../../../../arm-none-eabi/lib/thumb/v7e-m/fpv4-sp/hard\libc_nano.a(lib_a-nano-freer.o)
                0x08006140                _free_r
 .text._malloc_r
                0x080061dc       0xb4 c:/ac6/systemworkbench/plugins/fr.ac6.mcu.externaltools.arm-none.win32_1.17.0.201812190825/tools/compiler/bin/../lib/gcc/arm-none-eabi/7.3.1/../../../../arm-none-eabi/lib/thumb/v7e-m/fpv4-sp/hard\libc_nano.a(lib_a-nano-mallocr.o)
                0x080061dc                _malloc_r
 .text._sbrk_r  0x08006290       0x20 c:/ac6/systemworkbench/plugins/fr.ac6.mcu.externaltools.arm-none.win32_1.17.0.201812190825/tools/compiler/bin/../lib/gcc/arm-none-eabi/7.3.1/../../../../arm-none-eabi/lib/thumb/v7e-m/fpv4-sp/hard\libc_nano.a(lib_a-sbrkr.o)
                0x08006290                _sbrk_r
 .text.__malloc_lock
                0x080062b0        0x2 c:/ac6/systemworkbench/plugins/fr.ac6.mcu.externaltools.arm-none.win32_1.17.0.201812190825/tools/compiler/bin/../lib/gcc/arm-none-eabi/7.3.1/../../../../arm-none-eabi/lib/thumb/v7e-m/fpv4-sp/hard\libc_nano.a(lib_a-mlock.o)
                0x080062b0                __malloc_lock
 .text.__malloc_unlock
                0x080062b2        0x2 c:/ac6/systemworkbench/plugins/fr.ac6.mcu.externaltools.arm-none.win32_1.17.0.201812190825/tools/compiler/bin/../lib/gcc/arm-none-eabi/7.3.1/../../../../arm-none-eabi/lib/thumb/v7e-m/fpv4-sp/hard\libc_nano.a(lib_a-mlock.o)
                0x080062b2                __malloc_unlock
 *(.glue_7)
 .glue_7        0x080062b4        0x0 linker stubs
 *(.glue_7t)
 .glue_7t       0x080062b4        0x0 linker stubs
 *(.eh_frame)
 .eh_frame      0x080062b4        0x0 c:/ac6/systemworkbench/plugins/fr.ac6.mcu.externaltools.arm-none.win32_1.17.0.201812190825/tools/compiler/bin/../lib/gcc/arm-none-eabi/7.3.1/thumb/v7e-m/fpv4-sp/hard/crtbegin.o
 *(.init)
 .init          0x080062b4        0x4 c:/ac6/systemworkbench/plugins/fr.ac6.mcu.externaltools.arm-none.win32_1.17.0.201812190825/tools/compiler/bin/../lib/gcc/arm-none-eabi/7.3.1/thumb/v7e-m/fpv4-sp/hard/crti.o
                0x080062b4                _init
 .init          0x080062b8        0x8 c:/ac6/systemworkbench/plugins/fr.ac6.mcu.externaltools.arm-none.win32_1.17.0.201812190825/tools/compiler/bin/../lib/gcc/arm-none-eabi/7.3.1/thumb/v7e-m/fpv4-sp/hard/crtn.o
 *(.fini)
 .fini          0x080062c0        0x4 c:/ac6/systemworkbench/plugins/fr.ac6.mcu.externaltools.arm-none.win32_1.17.0.201812190825/tools/compiler/bin/../lib/gcc/arm-none-eabi/7.3.1/thumb/v7e-m/fpv4-sp/hard/crti.o
                0x080062c0                _fini
 .fini          0x080062c4        0x8 c:/ac6/systemworkbench/plugins/fr.ac6.mcu.externaltools.arm-none.win32_1.17.0.201812190825/tools/compiler/bin/../lib/gcc/arm-none-eabi/7.3.1/thumb/v7e-m/fpv4-sp/hard/crtn.o
                0x080062cc                . = ALIGN (0x4)
                0x080062cc                _etext = .

.vfp11_veneer   0x080062cc        0x0
 .vfp11_veneer  0x080062cc        0x0 linker stubs

.v4_bx          0x080062cc        0x0
 .v4_bx         0x080062cc        0x0 linker stubs

.iplt           0x080062cc        0x0
 .iplt          0x080062cc        0x0 c:/ac6/systemworkbench/plugins/fr.ac6.mcu.externaltools.arm-none.win32_1.17.0.201812190825/tools/compiler/bin/../lib/gcc/arm-none-eabi/7.3.1/thumb/v7e-m/fpv4-sp/hard/crtbegin.o

.rodata         0x080062cc       0x1c
                0x080062cc                . = ALIGN (0x4)
 *(.rodata)
 .rodata        0x080062cc       0x18 Core/Src/system_stm32f4xx.o
                0x080062cc                AHBPrescTable
                0x080062dc                APBPrescTable
 *(.rodata*)
 .rodata.str1.4
                0x080062e4        0x4 Middlewares/ST/STM32_USB_Host_Library/Class/CDC/Src/usbh_cdc.o
                0x080062e8                . = ALIGN (0x4)

.ARM.extab
 *(.ARM.extab* .gnu.linkonce.armextab.*)

.ARM            0x080062e8        0x8
                0x080062e8                __exidx_start = .
 *(.ARM.exidx*)
 .ARM.exidx     0x080062e8        0x8 c:/ac6/systemworkbench/plugins/fr.ac6.mcu.externaltools.arm-none.win32_1.17.0.201812190825/tools/compiler/bin/../lib/gcc/arm-none-eabi/7.3.1/thumb/v7e-m/fpv4-sp/hard\libgcc.a(_udivmoddi4.o)
                0x080062f0                __exidx_end = .

.rel.dyn        0x080062f0        0x0
 .rel.iplt      0x080062f0        0x0 c:/ac6/systemworkbench/plugins/fr.ac6.mcu.externaltools.arm-none.win32_1.17.0.201812190825/tools/compiler/bin/../lib/gcc/arm-none-eabi/7.3.1/thumb/v7e-m/fpv4-sp/hard/crtbegin.o

.preinit_array  0x080062f0        0x0
                0x080062f0                PROVIDE (__preinit_array_start = .)
 *(.preinit_array*)
                0x080062f0                PROVIDE (__preinit_array_end = .)

.init_array     0x080062f0        0x4
                0x080062f0                PROVIDE (__init_array_start = .)
 *(SORT_BY_NAME(.init_array.*))
 *(.init_array*)
 .init_array    0x080062f0        0x4 c:/ac6/systemworkbench/plugins/fr.ac6.mcu.externaltools.arm-none.win32_1.17.0.201812190825/tools/compiler/bin/../lib/gcc/arm-none-eabi/7.3.1/thumb/v7e-m/fpv4-sp/hard/crtbegin.o
                0x080062f4                PROVIDE (__init_array_end = .)

.fini_array     0x080062f4        0x4
                [!provide]                PROVIDE (__fini_array_start = .)
 *(SORT_BY_NAME(.fini_array.*))
 *(.fini_array*)
 .fini_array    0x080062f4        0x4 c:/ac6/systemworkbench/plugins/fr.ac6.mcu.externaltools.arm-none.win32_1.17.0.201812190825/tools/compiler/bin/../lib/gcc/arm-none-eabi/7.3.1/thumb/v7e-m/fpv4-sp/hard/crtbegin.o
                [!provide]                PROVIDE (__fini_array_end = .)
                0x080062f8                _sidata = LOADADDR (.data)

.data           0x20000000       0xac load address 0x080062f8
                0x20000000                . = ALIGN (0x4)
                0x20000000                _sdata = .
 *(.data)
 .data          0x20000000       0x1c Core/Src/main.o
                0x20000000                myTOFsensor
 .data          0x2000001c        0x4 Core/Src/system_stm32f4xx.o
                0x2000001c                SystemCoreClock
 .data          0x20000020        0x8 Drivers/STM32F4xx_HAL_Driver/Src/stm32f4xx_hal.o
                0x20000020                uwTickFreq
                0x20000024                uwTickPrio
 .data          0x20000028       0x20 Middlewares/ST/STM32_USB_Host_Library/Class/CDC/Src/usbh_cdc.o
                0x20000028                CDC_Class
 *(.data*)
 .data._impure_ptr
                0x20000048        0x4 c:/ac6/systemworkbench/plugins/fr.ac6.mcu.externaltools.arm-none.win32_1.17.0.201812190825/tools/compiler/bin/../lib/gcc/arm-none-eabi/7.3.1/../../../../arm-none-eabi/lib/thumb/v7e-m/fpv4-sp/hard\libc_nano.a(lib_a-impure.o)
                0x20000048                _impure_ptr
 .data.impure_data
                0x2000004c       0x60 c:/ac6/systemworkbench/plugins/fr.ac6.mcu.externaltools.arm-none.win32_1.17.0.201812190825/tools/compiler/bin/../lib/gcc/arm-none-eabi/7.3.1/../../../../arm-none-eabi/lib/thumb/v7e-m/fpv4-sp/hard\libc_nano.a(lib_a-impure.o)
                0x200000ac                . = ALIGN (0x4)
                0x200000ac                _edata = .
                0x080063a4                _siccmram = LOADADDR (.ccmram)

.igot.plt       0x200000ac        0x0 load address 0x080063a4
 .igot.plt      0x200000ac        0x0 c:/ac6/systemworkbench/plugins/fr.ac6.mcu.externaltools.arm-none.win32_1.17.0.201812190825/tools/compiler/bin/../lib/gcc/arm-none-eabi/7.3.1/thumb/v7e-m/fpv4-sp/hard/crtbegin.o

.ccmram         0x10000000        0x0 load address 0x080063a4
                0x10000000                . = ALIGN (0x4)
                0x10000000                _sccmram = .
 *(.ccmram)
 *(.ccmram*)
                0x10000000                . = ALIGN (0x4)
                0x10000000                _eccmram = .
                0x10000000                . = ALIGN (0x4)

.bss            0x200000ac      0x7d4
                0x200000ac                _sbss = .
                0x200000ac                __bss_start__ = _sbss
 *(.bss)
 .bss           0x200000ac       0x1c c:/ac6/systemworkbench/plugins/fr.ac6.mcu.externaltools.arm-none.win32_1.17.0.201812190825/tools/compiler/bin/../lib/gcc/arm-none-eabi/7.3.1/thumb/v7e-m/fpv4-sp/hard/crtbegin.o
 .bss           0x200000c8        0x8 Core/Src/syscalls.o
                0x200000cc                __env
 .bss           0x200000d0        0x4 Drivers/STM32F4xx_HAL_Driver/Src/stm32f4xx_ll_usb.o
 .bss           0x200000d4        0x1 USB_HOST/App/usb_host.o
                0x200000d4                Appli_state
 *(.bss*)
 *fill*         0x200000d5        0x3 
 .bss.__malloc_free_list
                0x200000d8        0x4 c:/ac6/systemworkbench/plugins/fr.ac6.mcu.externaltools.arm-none.win32_1.17.0.201812190825/tools/compiler/bin/../lib/gcc/arm-none-eabi/7.3.1/../../../../arm-none-eabi/lib/thumb/v7e-m/fpv4-sp/hard\libc_nano.a(lib_a-nano-mallocr.o)
                0x200000d8                __malloc_free_list
 .bss.__malloc_sbrk_start
                0x200000dc        0x4 c:/ac6/systemworkbench/plugins/fr.ac6.mcu.externaltools.arm-none.win32_1.17.0.201812190825/tools/compiler/bin/../lib/gcc/arm-none-eabi/7.3.1/../../../../arm-none-eabi/lib/thumb/v7e-m/fpv4-sp/hard\libc_nano.a(lib_a-nano-mallocr.o)
                0x200000dc                __malloc_sbrk_start
 *(COMMON)
 COMMON         0x200000e0       0xfa Core/Src/main.o
                0x200000e0                hi2c1
                0x20000134                tick
                0x20000138                hspi1
                0x20000190                hi2s3
                0x200001d8                value
 *fill*         0x200001da        0x2 
 COMMON         0x200001dc        0x4 Drivers/STM32F4xx_HAL_Driver/Src/stm32f4xx_hal.o
                0x200001dc                uwTick
 COMMON         0x200001e0      0x3d8 USB_HOST/App/usb_host.o
                0x200001e0                hUsbHostFS
 COMMON         0x200005b8      0x2c4 USB_HOST/Target/usbh_conf.o
                0x200005b8                hhcd_USB_OTG_FS
 COMMON         0x2000087c        0x4 c:/ac6/systemworkbench/plugins/fr.ac6.mcu.externaltools.arm-none.win32_1.17.0.201812190825/tools/compiler/bin/../lib/gcc/arm-none-eabi/7.3.1/../../../../arm-none-eabi/lib/thumb/v7e-m/fpv4-sp/hard\libc_nano.a(lib_a-reent.o)
                0x2000087c                errno
                0x20000880                . = ALIGN (0x4)
                0x20000880                _ebss = .
                0x20000880                __bss_end__ = _ebss

._user_heap_stack
                0x20000880      0x600
                0x20000880                . = ALIGN (0x8)
                0x20000880                PROVIDE (end = .)
                [!provide]                PROVIDE (_end = .)
                0x20000a80                . = (. + _Min_Heap_Size)
 *fill*         0x20000880      0x200 
                0x20000e80                . = (. + _Min_Stack_Size)
 *fill*         0x20000a80      0x400 
                0x20000e80                . = ALIGN (0x8)

/DISCARD/
 libc.a(*)
 libm.a(*)
 libgcc.a(*)

.ARM.attributes
                0x00000000       0x30
 *(.ARM.attributes)
 .ARM.attributes
                0x00000000       0x22 c:/ac6/systemworkbench/plugins/fr.ac6.mcu.externaltools.arm-none.win32_1.17.0.201812190825/tools/compiler/bin/../lib/gcc/arm-none-eabi/7.3.1/thumb/v7e-m/fpv4-sp/hard/crti.o
 .ARM.attributes
                0x00000022       0x34 c:/ac6/systemworkbench/plugins/fr.ac6.mcu.externaltools.arm-none.win32_1.17.0.201812190825/tools/compiler/bin/../lib/gcc/arm-none-eabi/7.3.1/thumb/v7e-m/fpv4-sp/hard/crtbegin.o
 .ARM.attributes
                0x00000056       0x39 Core/Src/VL53L0X.o
 .ARM.attributes
                0x0000008f       0x39 Core/Src/i2c.o
 .ARM.attributes
                0x000000c8       0x39 Core/Src/main.o
 .ARM.attributes
                0x00000101       0x39 Core/Src/stm32f4xx_hal_msp.o
 .ARM.attributes
                0x0000013a       0x39 Core/Src/stm32f4xx_it.o
 .ARM.attributes
                0x00000173       0x39 Core/Src/syscalls.o
 .ARM.attributes
                0x000001ac       0x39 Core/Src/system_stm32f4xx.o
 .ARM.attributes
                0x000001e5       0x39 Drivers/STM32F4xx_HAL_Driver/Src/stm32f4xx_hal.o
 .ARM.attributes
                0x0000021e       0x39 Drivers/STM32F4xx_HAL_Driver/Src/stm32f4xx_hal_cortex.o
 .ARM.attributes
                0x00000257       0x39 Drivers/STM32F4xx_HAL_Driver/Src/stm32f4xx_hal_gpio.o
 .ARM.attributes
                0x00000290       0x39 Drivers/STM32F4xx_HAL_Driver/Src/stm32f4xx_hal_hcd.o
 .ARM.attributes
                0x000002c9       0x39 Drivers/STM32F4xx_HAL_Driver/Src/stm32f4xx_hal_i2c.o
 .ARM.attributes
                0x00000302       0x39 Drivers/STM32F4xx_HAL_Driver/Src/stm32f4xx_hal_i2s.o
 .ARM.attributes
                0x0000033b       0x39 Drivers/STM32F4xx_HAL_Driver/Src/stm32f4xx_hal_i2s_ex.o
 .ARM.attributes
                0x00000374       0x39 Drivers/STM32F4xx_HAL_Driver/Src/stm32f4xx_hal_rcc.o
 .ARM.attributes
                0x000003ad       0x39 Drivers/STM32F4xx_HAL_Driver/Src/stm32f4xx_hal_rcc_ex.o
 .ARM.attributes
                0x000003e6       0x39 Drivers/STM32F4xx_HAL_Driver/Src/stm32f4xx_hal_spi.o
 .ARM.attributes
                0x0000041f       0x39 Drivers/STM32F4xx_HAL_Driver/Src/stm32f4xx_ll_usb.o
 .ARM.attributes
                0x00000458       0x39 Middlewares/ST/STM32_USB_Host_Library/Class/CDC/Src/usbh_cdc.o
 .ARM.attributes
                0x00000491       0x39 Middlewares/ST/STM32_USB_Host_Library/Core/Src/usbh_core.o
 .ARM.attributes
                0x000004ca       0x39 Middlewares/ST/STM32_USB_Host_Library/Core/Src/usbh_ctlreq.o
 .ARM.attributes
                0x00000503       0x39 Middlewares/ST/STM32_USB_Host_Library/Core/Src/usbh_ioreq.o
 .ARM.attributes
                0x0000053c       0x39 Middlewares/ST/STM32_USB_Host_Library/Core/Src/usbh_pipes.o
 .ARM.attributes
                0x00000575       0x39 USB_HOST/App/usb_host.o
 .ARM.attributes
                0x000005ae       0x39 USB_HOST/Target/usbh_conf.o
 .ARM.attributes
                0x000005e7       0x39 USB_HOST/Target/usbh_platform.o
 .ARM.attributes
                0x00000620       0x21 startup/startup_stm32f407xx.o
 .ARM.attributes
                0x00000641       0x22 c:/ac6/systemworkbench/plugins/fr.ac6.mcu.externaltools.arm-none.win32_1.17.0.201812190825/tools/compiler/bin/../lib/gcc/arm-none-eabi/7.3.1/thumb/v7e-m/fpv4-sp/hard\libgcc.a(_arm_addsubdf3.o)
 .ARM.attributes
                0x00000663       0x22 c:/ac6/systemworkbench/plugins/fr.ac6.mcu.externaltools.arm-none.win32_1.17.0.201812190825/tools/compiler/bin/../lib/gcc/arm-none-eabi/7.3.1/thumb/v7e-m/fpv4-sp/hard\libgcc.a(_arm_cmpdf2.o)
 .ARM.attributes
                0x00000685       0x22 c:/ac6/systemworkbench/plugins/fr.ac6.mcu.externaltools.arm-none.win32_1.17.0.201812190825/tools/compiler/bin/../lib/gcc/arm-none-eabi/7.3.1/thumb/v7e-m/fpv4-sp/hard\libgcc.a(_aeabi_uldivmod.o)
 .ARM.attributes
                0x000006a7       0x34 c:/ac6/systemworkbench/plugins/fr.ac6.mcu.externaltools.arm-none.win32_1.17.0.201812190825/tools/compiler/bin/../lib/gcc/arm-none-eabi/7.3.1/thumb/v7e-m/fpv4-sp/hard\libgcc.a(_udivmoddi4.o)
 .ARM.attributes
                0x000006db       0x22 c:/ac6/systemworkbench/plugins/fr.ac6.mcu.externaltools.arm-none.win32_1.17.0.201812190825/tools/compiler/bin/../lib/gcc/arm-none-eabi/7.3.1/thumb/v7e-m/fpv4-sp/hard\libgcc.a(_dvmd_tls.o)
 .ARM.attributes
                0x000006fd       0x34 c:/ac6/systemworkbench/plugins/fr.ac6.mcu.externaltools.arm-none.win32_1.17.0.201812190825/tools/compiler/bin/../lib/gcc/arm-none-eabi/7.3.1/../../../../arm-none-eabi/lib/thumb/v7e-m/fpv4-sp/hard\libc_nano.a(lib_a-errno.o)
 .ARM.attributes
                0x00000731       0x34 c:/ac6/systemworkbench/plugins/fr.ac6.mcu.externaltools.arm-none.win32_1.17.0.201812190825/tools/compiler/bin/../lib/gcc/arm-none-eabi/7.3.1/../../../../arm-none-eabi/lib/thumb/v7e-m/fpv4-sp/hard\libc_nano.a(lib_a-impure.o)
 .ARM.attributes
                0x00000765       0x34 c:/ac6/systemworkbench/plugins/fr.ac6.mcu.externaltools.arm-none.win32_1.17.0.201812190825/tools/compiler/bin/../lib/gcc/arm-none-eabi/7.3.1/../../../../arm-none-eabi/lib/thumb/v7e-m/fpv4-sp/hard\libc_nano.a(lib_a-init.o)
 .ARM.attributes
                0x00000799       0x34 c:/ac6/systemworkbench/plugins/fr.ac6.mcu.externaltools.arm-none.win32_1.17.0.201812190825/tools/compiler/bin/../lib/gcc/arm-none-eabi/7.3.1/../../../../arm-none-eabi/lib/thumb/v7e-m/fpv4-sp/hard\libc_nano.a(lib_a-malloc.o)
 .ARM.attributes
                0x000007cd       0x34 c:/ac6/systemworkbench/plugins/fr.ac6.mcu.externaltools.arm-none.win32_1.17.0.201812190825/tools/compiler/bin/../lib/gcc/arm-none-eabi/7.3.1/../../../../arm-none-eabi/lib/thumb/v7e-m/fpv4-sp/hard\libc_nano.a(lib_a-memset.o)
 .ARM.attributes
                0x00000801       0x34 c:/ac6/systemworkbench/plugins/fr.ac6.mcu.externaltools.arm-none.win32_1.17.0.201812190825/tools/compiler/bin/../lib/gcc/arm-none-eabi/7.3.1/../../../../arm-none-eabi/lib/thumb/v7e-m/fpv4-sp/hard\libc_nano.a(lib_a-nano-freer.o)
 .ARM.attributes
                0x00000835       0x34 c:/ac6/systemworkbench/plugins/fr.ac6.mcu.externaltools.arm-none.win32_1.17.0.201812190825/tools/compiler/bin/../lib/gcc/arm-none-eabi/7.3.1/../../../../arm-none-eabi/lib/thumb/v7e-m/fpv4-sp/hard\libc_nano.a(lib_a-nano-mallocr.o)
 .ARM.attributes
                0x00000869       0x34 c:/ac6/systemworkbench/plugins/fr.ac6.mcu.externaltools.arm-none.win32_1.17.0.201812190825/tools/compiler/bin/../lib/gcc/arm-none-eabi/7.3.1/../../../../arm-none-eabi/lib/thumb/v7e-m/fpv4-sp/hard\libc_nano.a(lib_a-sbrkr.o)
 .ARM.attributes
                0x0000089d       0x34 c:/ac6/systemworkbench/plugins/fr.ac6.mcu.externaltools.arm-none.win32_1.17.0.201812190825/tools/compiler/bin/../lib/gcc/arm-none-eabi/7.3.1/../../../../arm-none-eabi/lib/thumb/v7e-m/fpv4-sp/hard\libc_nano.a(lib_a-mlock.o)
 .ARM.attributes
                0x000008d1       0x34 c:/ac6/systemworkbench/plugins/fr.ac6.mcu.externaltools.arm-none.win32_1.17.0.201812190825/tools/compiler/bin/../lib/gcc/arm-none-eabi/7.3.1/../../../../arm-none-eabi/lib/thumb/v7e-m/fpv4-sp/hard\libc_nano.a(lib_a-reent.o)
 .ARM.attributes
                0x00000905       0x22 c:/ac6/systemworkbench/plugins/fr.ac6.mcu.externaltools.arm-none.win32_1.17.0.201812190825/tools/compiler/bin/../lib/gcc/arm-none-eabi/7.3.1/thumb/v7e-m/fpv4-sp/hard/crtn.o
OUTPUT(Cyi_lib_vl53l0x.elf elf32-littlearm)

.debug_info     0x00000000    0x2075c
 .debug_info    0x00000000     0x311a Core/Src/VL53L0X.o
 .debug_info    0x0000311a      0x75b Core/Src/i2c.o
 .debug_info    0x00003875     0x165e Core/Src/main.o
 .debug_info    0x00004ed3     0x103d Core/Src/stm32f4xx_hal_msp.o
 .debug_info    0x00005f10      0x6e6 Core/Src/stm32f4xx_it.o
 .debug_info    0x000065f6      0xfd3 Core/Src/syscalls.o
 .debug_info    0x000075c9      0x559 Core/Src/system_stm32f4xx.o
 .debug_info    0x00007b22      0x9f1 Drivers/STM32F4xx_HAL_Driver/Src/stm32f4xx_hal.o
 .debug_info    0x00008513      0xf8c Drivers/STM32F4xx_HAL_Driver/Src/stm32f4xx_hal_cortex.o
 .debug_info    0x0000949f      0x7c2 Drivers/STM32F4xx_HAL_Driver/Src/stm32f4xx_hal_gpio.o
 .debug_info    0x00009c61     0x130a Drivers/STM32F4xx_HAL_Driver/Src/stm32f4xx_hal_hcd.o
 .debug_info    0x0000af6b     0x33da Drivers/STM32F4xx_HAL_Driver/Src/stm32f4xx_hal_i2c.o
 .debug_info    0x0000e345     0x10d1 Drivers/STM32F4xx_HAL_Driver/Src/stm32f4xx_hal_i2s.o
 .debug_info    0x0000f416      0xdeb Drivers/STM32F4xx_HAL_Driver/Src/stm32f4xx_hal_i2s_ex.o
 .debug_info    0x00010201      0xa94 Drivers/STM32F4xx_HAL_Driver/Src/stm32f4xx_hal_rcc.o
 .debug_info    0x00010c95      0x6b5 Drivers/STM32F4xx_HAL_Driver/Src/stm32f4xx_hal_rcc_ex.o
 .debug_info    0x0001134a     0x1bfb Drivers/STM32F4xx_HAL_Driver/Src/stm32f4xx_hal_spi.o
 .debug_info    0x00012f45     0x1b51 Drivers/STM32F4xx_HAL_Driver/Src/stm32f4xx_ll_usb.o
 .debug_info    0x00014a96     0x1f09 Middlewares/ST/STM32_USB_Host_Library/Class/CDC/Src/usbh_cdc.o
 .debug_info    0x0001699f     0x1ca6 Middlewares/ST/STM32_USB_Host_Library/Core/Src/usbh_core.o
 .debug_info    0x00018645     0x1ae8 Middlewares/ST/STM32_USB_Host_Library/Core/Src/usbh_ctlreq.o
 .debug_info    0x0001a12d     0x16fb Middlewares/ST/STM32_USB_Host_Library/Core/Src/usbh_ioreq.o
 .debug_info    0x0001b828     0x13a3 Middlewares/ST/STM32_USB_Host_Library/Core/Src/usbh_pipes.o
 .debug_info    0x0001cbcb     0x1345 USB_HOST/App/usb_host.o
 .debug_info    0x0001df10     0x2587 USB_HOST/Target/usbh_conf.o
 .debug_info    0x00020497      0x2a3 USB_HOST/Target/usbh_platform.o
 .debug_info    0x0002073a       0x22 startup/startup_stm32f407xx.o

.debug_abbrev   0x00000000     0x3eab
 .debug_abbrev  0x00000000      0x2cb Core/Src/VL53L0X.o
 .debug_abbrev  0x000002cb      0x179 Core/Src/i2c.o
 .debug_abbrev  0x00000444      0x260 Core/Src/main.o
 .debug_abbrev  0x000006a4      0x1da Core/Src/stm32f4xx_hal_msp.o
 .debug_abbrev  0x0000087e      0x182 Core/Src/stm32f4xx_it.o
 .debug_abbrev  0x00000a00      0x2d4 Core/Src/syscalls.o
 .debug_abbrev  0x00000cd4      0x12b Core/Src/system_stm32f4xx.o
 .debug_abbrev  0x00000dff      0x1ed Drivers/STM32F4xx_HAL_Driver/Src/stm32f4xx_hal.o
 .debug_abbrev  0x00000fec      0x328 Drivers/STM32F4xx_HAL_Driver/Src/stm32f4xx_hal_cortex.o
 .debug_abbrev  0x00001314      0x1e7 Drivers/STM32F4xx_HAL_Driver/Src/stm32f4xx_hal_gpio.o
 .debug_abbrev  0x000014fb      0x27f Drivers/STM32F4xx_HAL_Driver/Src/stm32f4xx_hal_hcd.o
 .debug_abbrev  0x0000177a      0x275 Drivers/STM32F4xx_HAL_Driver/Src/stm32f4xx_hal_i2c.o
 .debug_abbrev  0x000019ef      0x243 Drivers/STM32F4xx_HAL_Driver/Src/stm32f4xx_hal_i2s.o
 .debug_abbrev  0x00001c32      0x281 Drivers/STM32F4xx_HAL_Driver/Src/stm32f4xx_hal_i2s_ex.o
 .debug_abbrev  0x00001eb3      0x273 Drivers/STM32F4xx_HAL_Driver/Src/stm32f4xx_hal_rcc.o
 .debug_abbrev  0x00002126      0x179 Drivers/STM32F4xx_HAL_Driver/Src/stm32f4xx_hal_rcc_ex.o
 .debug_abbrev  0x0000229f      0x249 Drivers/STM32F4xx_HAL_Driver/Src/stm32f4xx_hal_spi.o
 .debug_abbrev  0x000024e8      0x2a8 Drivers/STM32F4xx_HAL_Driver/Src/stm32f4xx_ll_usb.o
 .debug_abbrev  0x00002790      0x359 Middlewares/ST/STM32_USB_Host_Library/Class/CDC/Src/usbh_cdc.o
 .debug_abbrev  0x00002ae9      0x382 Middlewares/ST/STM32_USB_Host_Library/Core/Src/usbh_core.o
 .debug_abbrev  0x00002e6b      0x363 Middlewares/ST/STM32_USB_Host_Library/Core/Src/usbh_ctlreq.o
 .debug_abbrev  0x000031ce      0x292 Middlewares/ST/STM32_USB_Host_Library/Core/Src/usbh_ioreq.o
 .debug_abbrev  0x00003460      0x2cc Middlewares/ST/STM32_USB_Host_Library/Core/Src/usbh_pipes.o
 .debug_abbrev  0x0000372c      0x2b5 USB_HOST/App/usb_host.o
 .debug_abbrev  0x000039e1      0x38a USB_HOST/Target/usbh_conf.o
 .debug_abbrev  0x00003d6b      0x12e USB_HOST/Target/usbh_platform.o
 .debug_abbrev  0x00003e99       0x12 startup/startup_stm32f407xx.o

.debug_loc      0x00000000     0xe293
 .debug_loc     0x00000000      0xbd9 Core/Src/VL53L0X.o
 .debug_loc     0x00000bd9      0x108 Core/Src/i2c.o
 .debug_loc     0x00000ce1      0x143 Core/Src/stm32f4xx_hal_msp.o
 .debug_loc     0x00000e24      0x3af Core/Src/syscalls.o
 .debug_loc     0x000011d3      0x13e Core/Src/system_stm32f4xx.o
 .debug_loc     0x00001311      0x11b Drivers/STM32F4xx_HAL_Driver/Src/stm32f4xx_hal.o
 .debug_loc     0x0000142c      0x5ce Drivers/STM32F4xx_HAL_Driver/Src/stm32f4xx_hal_cortex.o
 .debug_loc     0x000019fa      0x476 Drivers/STM32F4xx_HAL_Driver/Src/stm32f4xx_hal_gpio.o
 .debug_loc     0x00001e70      0xbf9 Drivers/STM32F4xx_HAL_Driver/Src/stm32f4xx_hal_hcd.o
 .debug_loc     0x00002a69     0x37ae Drivers/STM32F4xx_HAL_Driver/Src/stm32f4xx_hal_i2c.o
 .debug_loc     0x00006217      0xcf8 Drivers/STM32F4xx_HAL_Driver/Src/stm32f4xx_hal_i2s.o
 .debug_loc     0x00006f0f      0xa81 Drivers/STM32F4xx_HAL_Driver/Src/stm32f4xx_hal_i2s_ex.o
 .debug_loc     0x00007990      0x40f Drivers/STM32F4xx_HAL_Driver/Src/stm32f4xx_hal_rcc.o
 .debug_loc     0x00007d9f      0x2c7 Drivers/STM32F4xx_HAL_Driver/Src/stm32f4xx_hal_rcc_ex.o
 .debug_loc     0x00008066     0x1a09 Drivers/STM32F4xx_HAL_Driver/Src/stm32f4xx_hal_spi.o
 .debug_loc     0x00009a6f     0x1eca Drivers/STM32F4xx_HAL_Driver/Src/stm32f4xx_ll_usb.o
 .debug_loc     0x0000b939      0x612 Middlewares/ST/STM32_USB_Host_Library/Class/CDC/Src/usbh_cdc.o
 .debug_loc     0x0000bf4b      0x84c Middlewares/ST/STM32_USB_Host_Library/Core/Src/usbh_core.o
 .debug_loc     0x0000c797      0xbc3 Middlewares/ST/STM32_USB_Host_Library/Core/Src/usbh_ctlreq.o
 .debug_loc     0x0000d35a      0x50f Middlewares/ST/STM32_USB_Host_Library/Core/Src/usbh_ioreq.o
 .debug_loc     0x0000d869      0x1be Middlewares/ST/STM32_USB_Host_Library/Core/Src/usbh_pipes.o
 .debug_loc     0x0000da27      0x817 USB_HOST/Target/usbh_conf.o
 .debug_loc     0x0000e23e       0x55 USB_HOST/Target/usbh_platform.o

.debug_aranges  0x00000000     0x1260
 .debug_aranges
                0x00000000      0x110 Core/Src/VL53L0X.o
 .debug_aranges
                0x00000110       0x28 Core/Src/i2c.o
 .debug_aranges
                0x00000138       0x50 Core/Src/main.o
 .debug_aranges
                0x00000188       0x50 Core/Src/stm32f4xx_hal_msp.o
 .debug_aranges
                0x000001d8       0x68 Core/Src/stm32f4xx_it.o
 .debug_aranges
                0x00000240       0xb0 Core/Src/syscalls.o
 .debug_aranges
                0x000002f0       0x28 Core/Src/system_stm32f4xx.o
 .debug_aranges
                0x00000318       0xf0 Drivers/STM32F4xx_HAL_Driver/Src/stm32f4xx_hal.o
 .debug_aranges
                0x00000408       0xa8 Drivers/STM32F4xx_HAL_Driver/Src/stm32f4xx_hal_cortex.o
 .debug_aranges
                0x000004b0       0x58 Drivers/STM32F4xx_HAL_Driver/Src/stm32f4xx_hal_gpio.o
 .debug_aranges
                0x00000508       0xf8 Drivers/STM32F4xx_HAL_Driver/Src/stm32f4xx_hal_hcd.o
 .debug_aranges
                0x00000600      0x2a0 Drivers/STM32F4xx_HAL_Driver/Src/stm32f4xx_hal_i2c.o
 .debug_aranges
                0x000008a0      0x108 Drivers/STM32F4xx_HAL_Driver/Src/stm32f4xx_hal_i2s.o
 .debug_aranges
                0x000009a8       0x88 Drivers/STM32F4xx_HAL_Driver/Src/stm32f4xx_hal_i2s_ex.o
 .debug_aranges
                0x00000a30       0x88 Drivers/STM32F4xx_HAL_Driver/Src/stm32f4xx_hal_rcc.o
 .debug_aranges
                0x00000ab8       0x48 Drivers/STM32F4xx_HAL_Driver/Src/stm32f4xx_hal_rcc_ex.o
 .debug_aranges
                0x00000b00      0x1d0 Drivers/STM32F4xx_HAL_Driver/Src/stm32f4xx_hal_spi.o
 .debug_aranges
                0x00000cd0      0x198 Drivers/STM32F4xx_HAL_Driver/Src/stm32f4xx_ll_usb.o
 .debug_aranges
                0x00000e68       0xa8 Middlewares/ST/STM32_USB_Host_Library/Class/CDC/Src/usbh_cdc.o
 .debug_aranges
                0x00000f10       0xc0 Middlewares/ST/STM32_USB_Host_Library/Core/Src/usbh_core.o
 .debug_aranges
                0x00000fd0       0xa0 Middlewares/ST/STM32_USB_Host_Library/Core/Src/usbh_ctlreq.o
 .debug_aranges
                0x00001070       0x60 Middlewares/ST/STM32_USB_Host_Library/Core/Src/usbh_ioreq.o
 .debug_aranges
                0x000010d0       0x40 Middlewares/ST/STM32_USB_Host_Library/Core/Src/usbh_pipes.o
 .debug_aranges
                0x00001110       0x30 USB_HOST/App/usb_host.o
 .debug_aranges
                0x00001140       0xd8 USB_HOST/Target/usbh_conf.o
 .debug_aranges
                0x00001218       0x20 USB_HOST/Target/usbh_platform.o
 .debug_aranges
                0x00001238       0x28 startup/startup_stm32f407xx.o

.debug_ranges   0x00000000     0x1210
 .debug_ranges  0x00000000      0x178 Core/Src/VL53L0X.o
 .debug_ranges  0x00000178       0x18 Core/Src/i2c.o
 .debug_ranges  0x00000190       0x40 Core/Src/main.o
 .debug_ranges  0x000001d0       0x40 Core/Src/stm32f4xx_hal_msp.o
 .debug_ranges  0x00000210       0x58 Core/Src/stm32f4xx_it.o
 .debug_ranges  0x00000268       0xa0 Core/Src/syscalls.o
 .debug_ranges  0x00000308       0x18 Core/Src/system_stm32f4xx.o
 .debug_ranges  0x00000320       0xe0 Drivers/STM32F4xx_HAL_Driver/Src/stm32f4xx_hal.o
 .debug_ranges  0x00000400       0xf8 Drivers/STM32F4xx_HAL_Driver/Src/stm32f4xx_hal_cortex.o
 .debug_ranges  0x000004f8       0x48 Drivers/STM32F4xx_HAL_Driver/Src/stm32f4xx_hal_gpio.o
 .debug_ranges  0x00000540       0xe8 Drivers/STM32F4xx_HAL_Driver/Src/stm32f4xx_hal_hcd.o
 .debug_ranges  0x00000628      0x2b0 Drivers/STM32F4xx_HAL_Driver/Src/stm32f4xx_hal_i2c.o
 .debug_ranges  0x000008d8      0x128 Drivers/STM32F4xx_HAL_Driver/Src/stm32f4xx_hal_i2s.o
 .debug_ranges  0x00000a00       0x90 Drivers/STM32F4xx_HAL_Driver/Src/stm32f4xx_hal_i2s_ex.o
 .debug_ranges  0x00000a90       0x90 Drivers/STM32F4xx_HAL_Driver/Src/stm32f4xx_hal_rcc.o
 .debug_ranges  0x00000b20       0x38 Drivers/STM32F4xx_HAL_Driver/Src/stm32f4xx_hal_rcc_ex.o
 .debug_ranges  0x00000b58      0x1c0 Drivers/STM32F4xx_HAL_Driver/Src/stm32f4xx_hal_spi.o
 .debug_ranges  0x00000d18      0x188 Drivers/STM32F4xx_HAL_Driver/Src/stm32f4xx_ll_usb.o
 .debug_ranges  0x00000ea0       0x98 Middlewares/ST/STM32_USB_Host_Library/Class/CDC/Src/usbh_cdc.o
 .debug_ranges  0x00000f38       0xb0 Middlewares/ST/STM32_USB_Host_Library/Core/Src/usbh_core.o
 .debug_ranges  0x00000fe8       0x90 Middlewares/ST/STM32_USB_Host_Library/Core/Src/usbh_ctlreq.o
 .debug_ranges  0x00001078       0x50 Middlewares/ST/STM32_USB_Host_Library/Core/Src/usbh_ioreq.o
 .debug_ranges  0x000010c8       0x30 Middlewares/ST/STM32_USB_Host_Library/Core/Src/usbh_pipes.o
 .debug_ranges  0x000010f8       0x20 USB_HOST/App/usb_host.o
 .debug_ranges  0x00001118       0xc8 USB_HOST/Target/usbh_conf.o
 .debug_ranges  0x000011e0       0x10 USB_HOST/Target/usbh_platform.o
 .debug_ranges  0x000011f0       0x20 startup/startup_stm32f407xx.o

.debug_macro    0x00000000    0x24e22
 .debug_macro   0x00000000      0x235 Core/Src/VL53L0X.o
 .debug_macro   0x00000235      0xa54 Core/Src/VL53L0X.o
 .debug_macro   0x00000c89       0x22 Core/Src/VL53L0X.o
 .debug_macro   0x00000cab       0x2e Core/Src/VL53L0X.o
 .debug_macro   0x00000cd9       0x2f Core/Src/VL53L0X.o
 .debug_macro   0x00000d08       0x22 Core/Src/VL53L0X.o
 .debug_macro   0x00000d2a       0x8e Core/Src/VL53L0X.o
 .debug_macro   0x00000db8       0x51 Core/Src/VL53L0X.o
 .debug_macro   0x00000e09       0xef Core/Src/VL53L0X.o
 .debug_macro   0x00000ef8       0x6a Core/Src/VL53L0X.o
 .debug_macro   0x00000f62      0x1df Core/Src/VL53L0X.o
 .debug_macro   0x00001141       0x1c Core/Src/VL53L0X.o
 .debug_macro   0x0000115d       0x22 Core/Src/VL53L0X.o
 .debug_macro   0x0000117f       0xdf Core/Src/VL53L0X.o
 .debug_macro   0x0000125e     0x102d Core/Src/VL53L0X.o
 .debug_macro   0x0000228b      0x11f Core/Src/VL53L0X.o
 .debug_macro   0x000023aa    0x15e3c Core/Src/VL53L0X.o
 .debug_macro   0x000181e6       0x43 Core/Src/VL53L0X.o
 .debug_macro   0x00018229      0x2a0 Core/Src/VL53L0X.o
 .debug_macro   0x000184c9     0x3659 Core/Src/VL53L0X.o
 .debug_macro   0x0001bb22      0x174 Core/Src/VL53L0X.o
 .debug_macro   0x0001bc96       0x5a Core/Src/VL53L0X.o
 .debug_macro   0x0001bcf0      0x96b Core/Src/VL53L0X.o
 .debug_macro   0x0001c65b      0x9fe Core/Src/VL53L0X.o
 .debug_macro   0x0001d059      0x117 Core/Src/VL53L0X.o
 .debug_macro   0x0001d170      0x13e Core/Src/VL53L0X.o
 .debug_macro   0x0001d2ae       0x27 Core/Src/VL53L0X.o
 .debug_macro   0x0001d2d5      0x174 Core/Src/VL53L0X.o
 .debug_macro   0x0001d449      0x287 Core/Src/VL53L0X.o
 .debug_macro   0x0001d6d0       0x5f Core/Src/VL53L0X.o
 .debug_macro   0x0001d72f      0x236 Core/Src/VL53L0X.o
 .debug_macro   0x0001d965      0x12c Core/Src/VL53L0X.o
 .debug_macro   0x0001da91      0x21e Core/Src/VL53L0X.o
 .debug_macro   0x0001dcaf       0x2e Core/Src/VL53L0X.o
 .debug_macro   0x0001dcdd      0x1b5 Core/Src/VL53L0X.o
 .debug_macro   0x0001de92       0xd6 Core/Src/VL53L0X.o
 .debug_macro   0x0001df68      0x1a7 Core/Src/VL53L0X.o
 .debug_macro   0x0001e10f       0x46 Core/Src/VL53L0X.o
 .debug_macro   0x0001e155       0x4a Core/Src/VL53L0X.o
 .debug_macro   0x0001e19f      0x11a Core/Src/VL53L0X.o
 .debug_macro   0x0001e2b9       0x7e Core/Src/VL53L0X.o
 .debug_macro   0x0001e337       0x89 Core/Src/VL53L0X.o
 .debug_macro   0x0001e3c0      0x225 Core/Src/VL53L0X.o
 .debug_macro   0x0001e5e5      0x21e Core/Src/VL53L0X.o
 .debug_macro   0x0001e803       0x68 Core/Src/VL53L0X.o
 .debug_macro   0x0001e86b      0x12d Core/Src/VL53L0X.o
 .debug_macro   0x0001e998      0x210 Core/Src/i2c.o
 .debug_macro   0x0001eba8      0x238 Core/Src/main.o
 .debug_macro   0x0001ede0      0x190 Core/Src/main.o
 .debug_macro   0x0001ef70      0x215 Core/Src/stm32f4xx_hal_msp.o
 .debug_macro   0x0001f185      0x21f Core/Src/stm32f4xx_it.o
 .debug_macro   0x0001f3a4      0x243 Core/Src/syscalls.o
 .debug_macro   0x0001f5e7       0x58 Core/Src/syscalls.o
 .debug_macro   0x0001f63f       0x18 Core/Src/syscalls.o
 .debug_macro   0x0001f657       0x94 Core/Src/syscalls.o
 .debug_macro   0x0001f6eb       0x35 Core/Src/syscalls.o
 .debug_macro   0x0001f720       0x34 Core/Src/syscalls.o
 .debug_macro   0x0001f754       0x57 Core/Src/syscalls.o
 .debug_macro   0x0001f7ab      0x330 Core/Src/syscalls.o
 .debug_macro   0x0001fadb       0x58 Core/Src/syscalls.o
 .debug_macro   0x0001fb33       0x1f Core/Src/syscalls.o
 .debug_macro   0x0001fb52       0x43 Core/Src/syscalls.o
 .debug_macro   0x0001fb95       0x20 Core/Src/syscalls.o
 .debug_macro   0x0001fbb5      0x18e Core/Src/syscalls.o
 .debug_macro   0x0001fd43       0x10 Core/Src/syscalls.o
 .debug_macro   0x0001fd53       0x35 Core/Src/syscalls.o
 .debug_macro   0x0001fd88       0x10 Core/Src/syscalls.o
 .debug_macro   0x0001fd98       0x10 Core/Src/syscalls.o
 .debug_macro   0x0001fda8       0x10 Core/Src/syscalls.o
 .debug_macro   0x0001fdb8       0x1c Core/Src/syscalls.o
 .debug_macro   0x0001fdd4       0x52 Core/Src/syscalls.o
 .debug_macro   0x0001fe26       0x40 Core/Src/syscalls.o
 .debug_macro   0x0001fe66       0x10 Core/Src/syscalls.o
 .debug_macro   0x0001fe76       0x40 Core/Src/syscalls.o
 .debug_macro   0x0001feb6       0xd7 Core/Src/syscalls.o
 .debug_macro   0x0001ff8d       0x1c Core/Src/syscalls.o
 .debug_macro   0x0001ffa9       0x3d Core/Src/syscalls.o
 .debug_macro   0x0001ffe6       0x35 Core/Src/syscalls.o
 .debug_macro   0x0002001b      0x122 Core/Src/syscalls.o
 .debug_macro   0x0002013d       0x16 Core/Src/syscalls.o
 .debug_macro   0x00020153       0x16 Core/Src/syscalls.o
 .debug_macro   0x00020169       0x29 Core/Src/syscalls.o
 .debug_macro   0x00020192       0x10 Core/Src/syscalls.o
 .debug_macro   0x000201a2      0x241 Core/Src/syscalls.o
 .debug_macro   0x000203e3       0x1c Core/Src/syscalls.o
 .debug_macro   0x000203ff       0x10 Core/Src/syscalls.o
 .debug_macro   0x0002040f       0x10 Core/Src/syscalls.o
 .debug_macro   0x0002041f       0x16 Core/Src/syscalls.o
 .debug_macro   0x00020435      0x16f Core/Src/syscalls.o
 .debug_macro   0x000205a4      0x189 Core/Src/syscalls.o
 .debug_macro   0x0002072d       0x16 Core/Src/syscalls.o
 .debug_macro   0x00020743       0x88 Core/Src/syscalls.o
 .debug_macro   0x000207cb      0x20c Core/Src/system_stm32f4xx.o
 .debug_macro   0x000209d7      0x266 Drivers/STM32F4xx_HAL_Driver/Src/stm32f4xx_hal.o
 .debug_macro   0x00020c3d      0x206 Drivers/STM32F4xx_HAL_Driver/Src/stm32f4xx_hal_cortex.o
 .debug_macro   0x00020e43      0x23c Drivers/STM32F4xx_HAL_Driver/Src/stm32f4xx_hal_gpio.o
 .debug_macro   0x0002107f      0x206 Drivers/STM32F4xx_HAL_Driver/Src/stm32f4xx_hal_hcd.o
 .debug_macro   0x00021285      0x24d Drivers/STM32F4xx_HAL_Driver/Src/stm32f4xx_hal_i2c.o
 .debug_macro   0x000214d2      0x20e Drivers/STM32F4xx_HAL_Driver/Src/stm32f4xx_hal_i2s.o
 .debug_macro   0x000216e0      0x206 Drivers/STM32F4xx_HAL_Driver/Src/stm32f4xx_hal_i2s_ex.o
 .debug_macro   0x000218e6      0x22a Drivers/STM32F4xx_HAL_Driver/Src/stm32f4xx_hal_rcc.o
 .debug_macro   0x00021b10      0x206 Drivers/STM32F4xx_HAL_Driver/Src/stm32f4xx_hal_rcc_ex.o
 .debug_macro   0x00021d16      0x215 Drivers/STM32F4xx_HAL_Driver/Src/stm32f4xx_hal_spi.o
 .debug_macro   0x00021f2b      0x206 Drivers/STM32F4xx_HAL_Driver/Src/stm32f4xx_ll_usb.o
 .debug_macro   0x00022131      0x426 Middlewares/ST/STM32_USB_Host_Library/Class/CDC/Src/usbh_cdc.o
 .debug_macro   0x00022557       0x16 Middlewares/ST/STM32_USB_Host_Library/Class/CDC/Src/usbh_cdc.o
 .debug_macro   0x0002256d       0x97 Middlewares/ST/STM32_USB_Host_Library/Class/CDC/Src/usbh_cdc.o
 .debug_macro   0x00022604       0xfd Middlewares/ST/STM32_USB_Host_Library/Class/CDC/Src/usbh_cdc.o
 .debug_macro   0x00022701       0x16 Middlewares/ST/STM32_USB_Host_Library/Class/CDC/Src/usbh_cdc.o
 .debug_macro   0x00022717       0xd9 Middlewares/ST/STM32_USB_Host_Library/Class/CDC/Src/usbh_cdc.o
 .debug_macro   0x000227f0       0x54 Middlewares/ST/STM32_USB_Host_Library/Class/CDC/Src/usbh_cdc.o
 .debug_macro   0x00022844       0x73 Middlewares/ST/STM32_USB_Host_Library/Class/CDC/Src/usbh_cdc.o
 .debug_macro   0x000228b7      0x218 Middlewares/ST/STM32_USB_Host_Library/Class/CDC/Src/usbh_cdc.o
 .debug_macro   0x00022acf       0x2e Middlewares/ST/STM32_USB_Host_Library/Class/CDC/Src/usbh_cdc.o
 .debug_macro   0x00022afd       0x2e Middlewares/ST/STM32_USB_Host_Library/Class/CDC/Src/usbh_cdc.o
 .debug_macro   0x00022b2b       0x28 Middlewares/ST/STM32_USB_Host_Library/Class/CDC/Src/usbh_cdc.o
 .debug_macro   0x00022b53      0x15c Middlewares/ST/STM32_USB_Host_Library/Class/CDC/Src/usbh_cdc.o
 .debug_macro   0x00022caf      0x423 Middlewares/ST/STM32_USB_Host_Library/Core/Src/usbh_core.o
 .debug_macro   0x000230d2      0x41b Middlewares/ST/STM32_USB_Host_Library/Core/Src/usbh_ctlreq.o
 .debug_macro   0x000234ed       0x28 Middlewares/ST/STM32_USB_Host_Library/Core/Src/usbh_ctlreq.o
 .debug_macro   0x00023515      0x415 Middlewares/ST/STM32_USB_Host_Library/Core/Src/usbh_ioreq.o
 .debug_macro   0x0002392a      0x415 Middlewares/ST/STM32_USB_Host_Library/Core/Src/usbh_pipes.o
 .debug_macro   0x00023d3f      0x424 USB_HOST/App/usb_host.o
 .debug_macro   0x00024163       0x5e USB_HOST/App/usb_host.o
 .debug_macro   0x000241c1      0x32a USB_HOST/App/usb_host.o
 .debug_macro   0x000244eb      0x196 USB_HOST/App/usb_host.o
 .debug_macro   0x00024681      0x162 USB_HOST/App/usb_host.o
 .debug_macro   0x000247e3      0x425 USB_HOST/Target/usbh_conf.o
 .debug_macro   0x00024c08      0x21a USB_HOST/Target/usbh_platform.o

.debug_line     0x00000000    0x11ee9
 .debug_line    0x00000000      0xb2f Core/Src/VL53L0X.o
 .debug_line    0x00000b2f      0x720 Core/Src/i2c.o
 .debug_line    0x0000124f      0x870 Core/Src/main.o
 .debug_line    0x00001abf      0x7cc Core/Src/stm32f4xx_hal_msp.o
 .debug_line    0x0000228b      0x7c2 Core/Src/stm32f4xx_it.o
 .debug_line    0x00002a4d      0x5d6 Core/Src/syscalls.o
 .debug_line    0x00003023      0x741 Core/Src/system_stm32f4xx.o
 .debug_line    0x00003764      0x91e Drivers/STM32F4xx_HAL_Driver/Src/stm32f4xx_hal.o
 .debug_line    0x00004082      0x970 Drivers/STM32F4xx_HAL_Driver/Src/stm32f4xx_hal_cortex.o
 .debug_line    0x000049f2      0x8a6 Drivers/STM32F4xx_HAL_Driver/Src/stm32f4xx_hal_gpio.o
 .debug_line    0x00005298      0xb67 Drivers/STM32F4xx_HAL_Driver/Src/stm32f4xx_hal_hcd.o
 .debug_line    0x00005dff     0x1d13 Drivers/STM32F4xx_HAL_Driver/Src/stm32f4xx_hal_i2c.o
 .debug_line    0x00007b12      0xd4f Drivers/STM32F4xx_HAL_Driver/Src/stm32f4xx_hal_i2s.o
 .debug_line    0x00008861      0xcf6 Drivers/STM32F4xx_HAL_Driver/Src/stm32f4xx_hal_i2s_ex.o
 .debug_line    0x00009557      0x9b1 Drivers/STM32F4xx_HAL_Driver/Src/stm32f4xx_hal_rcc.o
 .debug_line    0x00009f08      0x836 Drivers/STM32F4xx_HAL_Driver/Src/stm32f4xx_hal_rcc_ex.o
 .debug_line    0x0000a73e     0x1172 Drivers/STM32F4xx_HAL_Driver/Src/stm32f4xx_hal_spi.o
 .debug_line    0x0000b8b0      0xdf5 Drivers/STM32F4xx_HAL_Driver/Src/stm32f4xx_ll_usb.o
 .debug_line    0x0000c6a5      0xc6f Middlewares/ST/STM32_USB_Host_Library/Class/CDC/Src/usbh_cdc.o
 .debug_line    0x0000d314      0xd46 Middlewares/ST/STM32_USB_Host_Library/Core/Src/usbh_core.o
 .debug_line    0x0000e05a      0xc7e Middlewares/ST/STM32_USB_Host_Library/Core/Src/usbh_ctlreq.o
 .debug_line    0x0000ecd8      0xa42 Middlewares/ST/STM32_USB_Host_Library/Core/Src/usbh_ioreq.o
 .debug_line    0x0000f71a      0x9f6 Middlewares/ST/STM32_USB_Host_Library/Core/Src/usbh_pipes.o
 .debug_line    0x00010110      0xa27 USB_HOST/App/usb_host.o
 .debug_line    0x00010b37      0xbc1 USB_HOST/Target/usbh_conf.o
 .debug_line    0x000116f8      0x773 USB_HOST/Target/usbh_platform.o
 .debug_line    0x00011e6b       0x7e startup/startup_stm32f407xx.o

.debug_str      0x00000000    0xcc611
 .debug_str     0x00000000    0xc03cc Core/Src/VL53L0X.o
                              0xc0737 (size before relaxing)
 .debug_str     0x000c03cc       0x4f Core/Src/i2c.o
                              0xbf829 (size before relaxing)
 .debug_str     0x000c041b      0xdf1 Core/Src/main.o
                              0xc07fb (size before relaxing)
 .debug_str     0x000c120c       0xc9 Core/Src/stm32f4xx_hal_msp.o
                              0xc0385 (size before relaxing)
 .debug_str     0x000c12d5      0x45c Core/Src/stm32f4xx_it.o
                              0xbfe49 (size before relaxing)
 .debug_str     0x000c1731     0x4f6a Core/Src/syscalls.o
                               0x859e (size before relaxing)
 .debug_str     0x000c669b       0xc4 Core/Src/system_stm32f4xx.o
                              0xbf496 (size before relaxing)
 .debug_str     0x000c675f      0xa51 Drivers/STM32F4xx_HAL_Driver/Src/stm32f4xx_hal.o
                              0xbffa8 (size before relaxing)
 .debug_str     0x000c71b0      0x34d Drivers/STM32F4xx_HAL_Driver/Src/stm32f4xx_hal_cortex.o
                              0xbfd52 (size before relaxing)
 .debug_str     0x000c74fd      0x1dc Drivers/STM32F4xx_HAL_Driver/Src/stm32f4xx_hal_gpio.o
                              0xbf6d5 (size before relaxing)
 .debug_str     0x000c76d9      0x4eb Drivers/STM32F4xx_HAL_Driver/Src/stm32f4xx_hal_hcd.o
                              0xbfc2c (size before relaxing)
 .debug_str     0x000c7bc4      0xac3 Drivers/STM32F4xx_HAL_Driver/Src/stm32f4xx_hal_i2c.o
                              0xc0468 (size before relaxing)
 .debug_str     0x000c8687      0x298 Drivers/STM32F4xx_HAL_Driver/Src/stm32f4xx_hal_i2s.o
                              0xbfa90 (size before relaxing)
 .debug_str     0x000c891f      0x1f1 Drivers/STM32F4xx_HAL_Driver/Src/stm32f4xx_hal_i2s_ex.o
                              0xbf9bb (size before relaxing)
 .debug_str     0x000c8b10      0x213 Drivers/STM32F4xx_HAL_Driver/Src/stm32f4xx_hal_rcc.o
                              0xbf8aa (size before relaxing)
 .debug_str     0x000c8d23       0xde Drivers/STM32F4xx_HAL_Driver/Src/stm32f4xx_hal_rcc_ex.o
                              0xbf5e4 (size before relaxing)
 .debug_str     0x000c8e01      0x513 Drivers/STM32F4xx_HAL_Driver/Src/stm32f4xx_hal_spi.o
                              0xbfd40 (size before relaxing)
 .debug_str     0x000c9314      0x502 Drivers/STM32F4xx_HAL_Driver/Src/stm32f4xx_ll_usb.o
                              0xbfd74 (size before relaxing)
 .debug_str     0x000c9816     0x263c Middlewares/ST/STM32_USB_Host_Library/Class/CDC/Src/usbh_cdc.o
                              0xc5f60 (size before relaxing)
 .debug_str     0x000cbe52      0x304 Middlewares/ST/STM32_USB_Host_Library/Core/Src/usbh_core.o
                              0xc5455 (size before relaxing)
 .debug_str     0x000cc156      0x1db Middlewares/ST/STM32_USB_Host_Library/Core/Src/usbh_ctlreq.o
                              0xc53dc (size before relaxing)
 .debug_str     0x000cc331       0xb2 Middlewares/ST/STM32_USB_Host_Library/Core/Src/usbh_ioreq.o
                              0xc5210 (size before relaxing)
 .debug_str     0x000cc3e3       0x80 Middlewares/ST/STM32_USB_Host_Library/Core/Src/usbh_pipes.o
                              0xc51a6 (size before relaxing)